
============================================================
  REPLICATE 1  →  results/issl_14d_n20/r01
============================================================
[OISA] Starting 14-day influenza simulation
[OISA]   ODE:  Miao2010  (BIOMD0000000546, Δt=6h)
[OISA]   ABM:  Sego2020  (github@5b7e42c,  Δt=24h)
[OISA]   GSimT step: 6h  →  56 checkpoints

  [t= 0.00d] V=1.542e+03 copies/mL  |  n_immune=   0  |  OK
  [t= 0.25d] V=5.804e+03 copies/mL  |  n_immune=   0  |  OK
  [t= 0.50d] V=2.248e+04 copies/mL  |  n_immune=   0  |  OK
  [t= 0.75d] V=8.676e+04 copies/mL  |  n_immune=   0  |  OK
  [t= 1.00d] V=3.286e+05 copies/mL  |  n_immune=   7  |  OK
  [t= 1.25d] V=1.169e+06 copies/mL  |  n_immune=   7  |  OK
  [t= 1.50d] V=3.438e+06 copies/mL  |  n_immune=   7  |  OK
  [t= 1.75d] V=6.828e+06 copies/mL  |  n_immune=   7  |  OK
  [t= 2.00d] V=8.869e+06 copies/mL  |  n_immune=  11  |  OK
  [t= 2.25d] V=9.000e+06 copies/mL  |  n_immune=  11  |  OK
  [t= 2.50d] V=8.238e+06 copies/mL  |  n_immune=  11  |  OK
  [t= 2.75d] V=7.243e+06 copies/mL  |  n_immune=  11  |  OK
  [t= 3.00d] V=6.261e+06 copies/mL  |  n_immune=  17  |  OK
  [t= 3.25d] V=5.371e+06 copies/mL  |  n_immune=  17  |  OK
  [t= 3.50d] V=4.593e+06 copies/mL  |  n_immune=  17  |  OK
  [t= 3.75d] V=3.923e+06 copies/mL  |  n_immune=  17  |  OK
  [t= 4.00d] V=3.345e+06 copies/mL  |  n_immune=  25  |  OK
  [t= 4.25d] V=2.847e+06 copies/mL  |  n_immune=  25  |  OK
  [t= 4.50d] V=2.421e+06 copies/mL  |  n_immune=  25  |  OK
  [t= 4.75d] V=2.058e+06 copies/mL  |  n_immune=  25  |  OK
  [t= 5.00d] V=1.749e+06 copies/mL  |  n_immune=  29  |  OK
  [t= 5.25d] V=1.484e+06 copies/mL  |  n_immune=  29  |  OK
  [t= 5.50d] V=1.259e+06 copies/mL  |  n_immune=  29  |  OK
  [t= 5.75d] V=1.069e+06 copies/mL  |  n_immune=  29  |  OK
  [t= 6.00d] V=9.063e+05 copies/mL  |  n_immune=  30  |  OK
  [t= 6.25d] V=7.686e+05 copies/mL  |  n_immune=  30  |  OK
  [t= 6.50d] V=6.517e+05 copies/mL  |  n_immune=  30  |  OK
  [t= 6.75d] V=5.526e+05 copies/mL  |  n_immune=  30  |  OK
  [t= 7.00d] V=4.682e+05 copies/mL  |  n_immune=  34  |  OK
  [t= 7.25d] V=3.964e+05 copies/mL  |  n_immune=  34  |  OK
  [t= 7.50d] V=3.355e+05 copies/mL  |  n_immune=  34  |  OK
  [t= 7.75d] V=2.840e+05 copies/mL  |  n_immune=  34  |  OK
  [t= 8.00d] V=2.402e+05 copies/mL  |  n_immune=  36  |  OK
  [t= 8.25d] V=2.031e+05 copies/mL  |  n_immune=  36  |  OK
  [t= 8.50d] V=1.717e+05 copies/mL  |  n_immune=  36  |  OK
  [t= 8.75d] V=1.452e+05 copies/mL  |  n_immune=  36  |  OK
  [t= 9.00d] V=1.227e+05 copies/mL  |  n_immune=  38  |  OK
  [t= 9.25d] V=1.036e+05 copies/mL  |  n_immune=  38  |  OK
  [t= 9.50d] V=8.754e+04 copies/mL  |  n_immune=  38  |  OK
  [t= 9.75d] V=7.393e+04 copies/mL  |  n_immune=  38  |  OK
  [t=10.00d] V=6.238e+04 copies/mL  |  n_immune=  43  |  OK
  [t=10.25d] V=5.259e+04 copies/mL  |  n_immune=  43  |  OK
  [t=10.50d] V=4.431e+04 copies/mL  |  n_immune=  43  |  OK
  [t=10.75d] V=3.733e+04 copies/mL  |  n_immune=  43  |  OK
  [t=11.00d] V=3.144e+04 copies/mL  |  n_immune=  45  |  OK
  [t=11.25d] V=2.647e+04 copies/mL  |  n_immune=  45  |  OK
  [t=11.50d] V=2.228e+04 copies/mL  |  n_immune=  45  |  OK
  [t=11.75d] V=1.875e+04 copies/mL  |  n_immune=  45  |  OK
  [t=12.00d] V=1.575e+04 copies/mL  |  n_immune=  55  |  OK
  [t=12.25d] V=1.321e+04 copies/mL  |  n_immune=  55  |  OK
  [t=12.50d] V=1.107e+04 copies/mL  |  n_immune=  55  |  OK
  [t=12.75d] V=9.268e+03 copies/mL  |  n_immune=  55  |  OK
  [t=13.00d] V=7.759e+03 copies/mL  |  n_immune=  57  |  OK
  [t=13.25d] V=6.493e+03 copies/mL  |  n_immune=  57  |  OK
  [t=13.50d] V=5.432e+03 copies/mL  |  n_immune=  57  |  OK
  [t=13.75d] V=4.544e+03 copies/mL  |  n_immune=  57  |  OK

[OISA] Done. 56 checkpoints in results/issl_14d_n20/r01

  r1 — 275s | peak V=9.00e+06 | V(day14)=4.54e+03 | max n_immune=57 | clearance=✓

============================================================
  REPLICATE 2  →  results/issl_14d_n20/r02
============================================================
[OISA] Starting 14-day influenza simulation
[OISA]   ODE:  Miao2010  (BIOMD0000000546, Δt=6h)
[OISA]   ABM:  Sego2020  (github@5b7e42c,  Δt=24h)
[OISA]   GSimT step: 6h  →  56 checkpoints

  [t= 0.00d] V=1.542e+03 copies/mL  |  n_immune=   0  |  OK
  [t= 0.25d] V=5.804e+03 copies/mL  |  n_immune=   0  |  OK
  [t= 0.50d] V=2.248e+04 copies/mL  |  n_immune=   0  |  OK
  [t= 0.75d] V=8.676e+04 copies/mL  |  n_immune=   0  |  OK
  [t= 1.00d] V=3.288e+05 copies/mL  |  n_immune=   4  |  OK
  [t= 1.25d] V=1.171e+06 copies/mL  |  n_immune=   4  |  OK
  [t= 1.50d] V=3.446e+06 copies/mL  |  n_immune=   4  |  OK
  [t= 1.75d] V=6.845e+06 copies/mL  |  n_immune=   4  |  OK
  [t= 2.00d] V=8.891e+06 copies/mL  |  n_immune=   9  |  OK
  [t= 2.25d] V=9.026e+06 copies/mL  |  n_immune=   9  |  OK
  [t= 2.50d] V=8.266e+06 copies/mL  |  n_immune=   9  |  OK
  [t= 2.75d] V=7.274e+06 copies/mL  |  n_immune=   9  |  OK
  [t= 3.00d] V=6.295e+06 copies/mL  |  n_immune=  13  |  OK
  [t= 3.25d] V=5.410e+06 copies/mL  |  n_immune=  13  |  OK
  [t= 3.50d] V=4.635e+06 copies/mL  |  n_immune=  13  |  OK
  [t= 3.75d] V=3.967e+06 copies/mL  |  n_immune=  13  |  OK
  [t= 4.00d] V=3.388e+06 copies/mL  |  n_immune=  23  |  OK
  [t= 4.25d] V=2.887e+06 copies/mL  |  n_immune=  23  |  OK
  [t= 4.50d] V=2.458e+06 copies/mL  |  n_immune=  23  |  OK
  [t= 4.75d] V=2.092e+06 copies/mL  |  n_immune=  23  |  OK
  [t= 5.00d] V=1.779e+06 copies/mL  |  n_immune=  25  |  OK
  [t= 5.25d] V=1.513e+06 copies/mL  |  n_immune=  25  |  OK
  [t= 5.50d] V=1.286e+06 copies/mL  |  n_immune=  25  |  OK
  [t= 5.75d] V=1.093e+06 copies/mL  |  n_immune=  25  |  OK
  [t= 6.00d] V=9.280e+05 copies/mL  |  n_immune=  34  |  OK
  [t= 6.25d] V=7.863e+05 copies/mL  |  n_immune=  34  |  OK
  [t= 6.50d] V=6.657e+05 copies/mL  |  n_immune=  34  |  OK
  [t= 6.75d] V=5.634e+05 copies/mL  |  n_immune=  34  |  OK
  [t= 7.00d] V=4.767e+05 copies/mL  |  n_immune=  36  |  OK
  [t= 7.25d] V=4.031e+05 copies/mL  |  n_immune=  36  |  OK
  [t= 7.50d] V=3.408e+05 copies/mL  |  n_immune=  36  |  OK
  [t= 7.75d] V=2.881e+05 copies/mL  |  n_immune=  36  |  OK
  [t= 8.00d] V=2.434e+05 copies/mL  |  n_immune=  39  |  OK
  [t= 8.25d] V=2.056e+05 copies/mL  |  n_immune=  39  |  OK
  [t= 8.50d] V=1.735e+05 copies/mL  |  n_immune=  39  |  OK
  [t= 8.75d] V=1.465e+05 copies/mL  |  n_immune=  39  |  OK
  [t= 9.00d] V=1.236e+05 copies/mL  |  n_immune=  40  |  OK
  [t= 9.25d] V=1.043e+05 copies/mL  |  n_immune=  40  |  OK
  [t= 9.50d] V=8.802e+04 copies/mL  |  n_immune=  40  |  OK
  [t= 9.75d] V=7.426e+04 copies/mL  |  n_immune=  40  |  OK
  [t=10.00d] V=6.263e+04 copies/mL  |  n_immune=  42  |  OK
  [t=10.25d] V=5.280e+04 copies/mL  |  n_immune=  42  |  OK
  [t=10.50d] V=4.450e+04 copies/mL  |  n_immune=  42  |  OK
  [t=10.75d] V=3.751e+04 copies/mL  |  n_immune=  42  |  OK
  [t=11.00d] V=3.157e+04 copies/mL  |  n_immune=  50  |  OK
  [t=11.25d] V=2.653e+04 copies/mL  |  n_immune=  50  |  OK
  [t=11.50d] V=2.228e+04 copies/mL  |  n_immune=  50  |  OK
  [t=11.75d] V=1.871e+04 copies/mL  |  n_immune=  50  |  OK
  [t=12.00d] V=1.570e+04 copies/mL  |  n_immune=  54  |  OK
  [t=12.25d] V=1.316e+04 copies/mL  |  n_immune=  54  |  OK
  [t=12.50d] V=1.103e+04 copies/mL  |  n_immune=  54  |  OK
  [t=12.75d] V=9.239e+03 copies/mL  |  n_immune=  54  |  OK
  [t=13.00d] V=7.739e+03 copies/mL  |  n_immune=  55  |  OK
  [t=13.25d] V=6.481e+03 copies/mL  |  n_immune=  55  |  OK
  [t=13.50d] V=5.428e+03 copies/mL  |  n_immune=  55  |  OK
  [t=13.75d] V=4.545e+03 copies/mL  |  n_immune=  55  |  OK

[OISA] Done. 56 checkpoints in results/issl_14d_n20/r02

  r2 — 273s | peak V=9.03e+06 | V(day14)=4.54e+03 | max n_immune=55 | clearance=✓

============================================================
  REPLICATE 3  →  results/issl_14d_n20/r03
============================================================
[OISA] Starting 14-day influenza simulation
[OISA]   ODE:  Miao2010  (BIOMD0000000546, Δt=6h)
[OISA]   ABM:  Sego2020  (github@5b7e42c,  Δt=24h)
[OISA]   GSimT step: 6h  →  56 checkpoints

  [t= 0.00d] V=1.542e+03 copies/mL  |  n_immune=   0  |  OK
  [t= 0.25d] V=5.804e+03 copies/mL  |  n_immune=   0  |  OK
  [t= 0.50d] V=2.248e+04 copies/mL  |  n_immune=   0  |  OK
  [t= 0.75d] V=8.676e+04 copies/mL  |  n_immune=   0  |  OK
  [t= 1.00d] V=3.286e+05 copies/mL  |  n_immune=   7  |  OK
  [t= 1.25d] V=1.169e+06 copies/mL  |  n_immune=   7  |  OK
  [t= 1.50d] V=3.438e+06 copies/mL  |  n_immune=   7  |  OK
  [t= 1.75d] V=6.828e+06 copies/mL  |  n_immune=   7  |  OK
  [t= 2.00d] V=8.868e+06 copies/mL  |  n_immune=  12  |  OK
  [t= 2.25d] V=8.995e+06 copies/mL  |  n_immune=  12  |  OK
  [t= 2.50d] V=8.230e+06 copies/mL  |  n_immune=  12  |  OK
  [t= 2.75d] V=7.232e+06 copies/mL  |  n_immune=  12  |  OK
  [t= 3.00d] V=6.251e+06 copies/mL  |  n_immune=  16  |  OK
  [t= 3.25d] V=5.364e+06 copies/mL  |  n_immune=  16  |  OK
  [t= 3.50d] V=4.589e+06 copies/mL  |  n_immune=  16  |  OK
  [t= 3.75d] V=3.922e+06 copies/mL  |  n_immune=  16  |  OK
  [t= 4.00d] V=3.348e+06 copies/mL  |  n_immune=  18  |  OK
  [t= 4.25d] V=2.857e+06 copies/mL  |  n_immune=  18  |  OK
  [t= 4.50d] V=2.438e+06 copies/mL  |  n_immune=  18  |  OK
  [t= 4.75d] V=2.080e+06 copies/mL  |  n_immune=  18  |  OK
  [t= 5.00d] V=1.773e+06 copies/mL  |  n_immune=  22  |  OK
  [t= 5.25d] V=1.510e+06 copies/mL  |  n_immune=  22  |  OK
  [t= 5.50d] V=1.286e+06 copies/mL  |  n_immune=  22  |  OK
  [t= 5.75d] V=1.095e+06 copies/mL  |  n_immune=  22  |  OK
  [t= 6.00d] V=9.312e+05 copies/mL  |  n_immune=  26  |  OK
  [t= 6.25d] V=7.916e+05 copies/mL  |  n_immune=  26  |  OK
  [t= 6.50d] V=6.727e+05 copies/mL  |  n_immune=  26  |  OK
  [t= 6.75d] V=5.716e+05 copies/mL  |  n_immune=  26  |  OK
  [t= 7.00d] V=4.850e+05 copies/mL  |  n_immune=  33  |  OK
  [t= 7.25d] V=4.111e+05 copies/mL  |  n_immune=  33  |  OK
  [t= 7.50d] V=3.481e+05 copies/mL  |  n_immune=  33  |  OK
  [t= 7.75d] V=2.948e+05 copies/mL  |  n_immune=  33  |  OK
  [t= 8.00d] V=2.495e+05 copies/mL  |  n_immune=  35  |  OK
  [t= 8.25d] V=2.111e+05 copies/mL  |  n_immune=  35  |  OK
  [t= 8.50d] V=1.786e+05 copies/mL  |  n_immune=  35  |  OK
  [t= 8.75d] V=1.510e+05 copies/mL  |  n_immune=  35  |  OK
  [t= 9.00d] V=1.276e+05 copies/mL  |  n_immune=  40  |  OK
  [t= 9.25d] V=1.078e+05 copies/mL  |  n_immune=  40  |  OK
  [t= 9.50d] V=9.093e+04 copies/mL  |  n_immune=  40  |  OK
  [t= 9.75d] V=7.673e+04 copies/mL  |  n_immune=  40  |  OK
  [t=10.00d] V=6.465e+04 copies/mL  |  n_immune=  48  |  OK
  [t=10.25d] V=5.438e+04 copies/mL  |  n_immune=  48  |  OK
  [t=10.50d] V=4.572e+04 copies/mL  |  n_immune=  48  |  OK
  [t=10.75d] V=3.843e+04 copies/mL  |  n_immune=  48  |  OK
  [t=11.00d] V=3.227e+04 copies/mL  |  n_immune=  52  |  OK
  [t=11.25d] V=2.708e+04 copies/mL  |  n_immune=  52  |  OK
  [t=11.50d] V=2.271e+04 copies/mL  |  n_immune=  52  |  OK
  [t=11.75d] V=1.905e+04 copies/mL  |  n_immune=  52  |  OK
  [t=12.00d] V=1.597e+04 copies/mL  |  n_immune=  56  |  OK
  [t=12.25d] V=1.337e+04 copies/mL  |  n_immune=  56  |  OK
  [t=12.50d] V=1.119e+04 copies/mL  |  n_immune=  56  |  OK
  [t=12.75d] V=9.368e+03 copies/mL  |  n_immune=  56  |  OK
  [t=13.00d] V=7.836e+03 copies/mL  |  n_immune=  60  |  OK
  [t=13.25d] V=6.549e+03 copies/mL  |  n_immune=  60  |  OK
  [t=13.50d] V=5.471e+03 copies/mL  |  n_immune=  60  |  OK
  [t=13.75d] V=4.570e+03 copies/mL  |  n_immune=  60  |  OK

[OISA] Done. 56 checkpoints in results/issl_14d_n20/r03

  r3 — 269s | peak V=9.00e+06 | V(day14)=4.57e+03 | max n_immune=60 | clearance=✓

============================================================
  REPLICATE 4  →  results/issl_14d_n20/r04
============================================================
[OISA] Starting 14-day influenza simulation
[OISA]   ODE:  Miao2010  (BIOMD0000000546, Δt=6h)
[OISA]   ABM:  Sego2020  (github@5b7e42c,  Δt=24h)
[OISA]   GSimT step: 6h  →  56 checkpoints

  [t= 0.00d] V=1.542e+03 copies/mL  |  n_immune=   0  |  OK
  [t= 0.25d] V=5.804e+03 copies/mL  |  n_immune=   0  |  OK
  [t= 0.50d] V=2.248e+04 copies/mL  |  n_immune=   0  |  OK
  [t= 0.75d] V=8.676e+04 copies/mL  |  n_immune=   0  |  OK
  [t= 1.00d] V=3.287e+05 copies/mL  |  n_immune=   6  |  OK
  [t= 1.25d] V=1.170e+06 copies/mL  |  n_immune=   6  |  OK
  [t= 1.50d] V=3.440e+06 copies/mL  |  n_immune=   6  |  OK
  [t= 1.75d] V=6.834e+06 copies/mL  |  n_immune=   6  |  OK
  [t= 2.00d] V=8.875e+06 copies/mL  |  n_immune=  11  |  OK
  [t= 2.25d] V=9.005e+06 copies/mL  |  n_immune=  11  |  OK
  [t= 2.50d] V=8.242e+06 copies/mL  |  n_immune=  11  |  OK
  [t= 2.75d] V=7.246e+06 copies/mL  |  n_immune=  11  |  OK
  [t= 3.00d] V=6.262e+06 copies/mL  |  n_immune=  18  |  OK
  [t= 3.25d] V=5.370e+06 copies/mL  |  n_immune=  18  |  OK
  [t= 3.50d] V=4.591e+06 copies/mL  |  n_immune=  18  |  OK
  [t= 3.75d] V=3.920e+06 copies/mL  |  n_immune=  18  |  OK
  [t= 4.00d] V=3.342e+06 copies/mL  |  n_immune=  23  |  OK
  [t= 4.25d] V=2.846e+06 copies/mL  |  n_immune=  23  |  OK
  [t= 4.50d] V=2.422e+06 copies/mL  |  n_immune=  23  |  OK
  [t= 4.75d] V=2.061e+06 copies/mL  |  n_immune=  23  |  OK
  [t= 5.00d] V=1.752e+06 copies/mL  |  n_immune=  28  |  OK
  [t= 5.25d] V=1.488e+06 copies/mL  |  n_immune=  28  |  OK
  [t= 5.50d] V=1.264e+06 copies/mL  |  n_immune=  28  |  OK
  [t= 5.75d] V=1.073e+06 copies/mL  |  n_immune=  28  |  OK
  [t= 6.00d] V=9.100e+05 copies/mL  |  n_immune=  31  |  OK
  [t= 6.25d] V=7.715e+05 copies/mL  |  n_immune=  31  |  OK
  [t= 6.50d] V=6.540e+05 copies/mL  |  n_immune=  31  |  OK
  [t= 6.75d] V=5.543e+05 copies/mL  |  n_immune=  31  |  OK
  [t= 7.00d] V=4.696e+05 copies/mL  |  n_immune=  32  |  OK
  [t= 7.25d] V=3.979e+05 copies/mL  |  n_immune=  32  |  OK
  [t= 7.50d] V=3.370e+05 copies/mL  |  n_immune=  32  |  OK
  [t= 7.75d] V=2.855e+05 copies/mL  |  n_immune=  32  |  OK
  [t= 8.00d] V=2.417e+05 copies/mL  |  n_immune=  35  |  OK
  [t= 8.25d] V=2.045e+05 copies/mL  |  n_immune=  35  |  OK
  [t= 8.50d] V=1.730e+05 copies/mL  |  n_immune=  35  |  OK
  [t= 8.75d] V=1.463e+05 copies/mL  |  n_immune=  35  |  OK
  [t= 9.00d] V=1.237e+05 copies/mL  |  n_immune=  39  |  OK
  [t= 9.25d] V=1.045e+05 copies/mL  |  n_immune=  39  |  OK
  [t= 9.50d] V=8.819e+04 copies/mL  |  n_immune=  39  |  OK
  [t= 9.75d] V=7.445e+04 copies/mL  |  n_immune=  39  |  OK
  [t=10.00d] V=6.281e+04 copies/mL  |  n_immune=  42  |  OK
  [t=10.25d] V=5.296e+04 copies/mL  |  n_immune=  42  |  OK
  [t=10.50d] V=4.464e+04 copies/mL  |  n_immune=  42  |  OK
  [t=10.75d] V=3.763e+04 copies/mL  |  n_immune=  42  |  OK
  [t=11.00d] V=3.168e+04 copies/mL  |  n_immune=  48  |  OK
  [t=11.25d] V=2.665e+04 copies/mL  |  n_immune=  48  |  OK
  [t=11.50d] V=2.240e+04 copies/mL  |  n_immune=  48  |  OK
  [t=11.75d] V=1.882e+04 copies/mL  |  n_immune=  48  |  OK
  [t=12.00d] V=1.581e+04 copies/mL  |  n_immune=  53  |  OK
  [t=12.25d] V=1.326e+04 copies/mL  |  n_immune=  53  |  OK
  [t=12.50d] V=1.112e+04 copies/mL  |  n_immune=  53  |  OK
  [t=12.75d] V=9.319e+03 copies/mL  |  n_immune=  53  |  OK
  [t=13.00d] V=7.811e+03 copies/mL  |  n_immune=  53  |  OK
  [t=13.25d] V=6.547e+03 copies/mL  |  n_immune=  53  |  OK
  [t=13.50d] V=5.488e+03 copies/mL  |  n_immune=  53  |  OK
  [t=13.75d] V=4.600e+03 copies/mL  |  n_immune=  53  |  OK

[OISA] Done. 56 checkpoints in results/issl_14d_n20/r04

  r4 — 265s | peak V=9.01e+06 | V(day14)=4.60e+03 | max n_immune=53 | clearance=✓

============================================================
  REPLICATE 5  →  results/issl_14d_n20/r05
============================================================
[OISA] Starting 14-day influenza simulation
[OISA]   ODE:  Miao2010  (BIOMD0000000546, Δt=6h)
[OISA]   ABM:  Sego2020  (github@5b7e42c,  Δt=24h)
[OISA]   GSimT step: 6h  →  56 checkpoints

  [t= 0.00d] V=1.542e+03 copies/mL  |  n_immune=   0  |  OK
  [t= 0.25d] V=5.804e+03 copies/mL  |  n_immune=   0  |  OK
  [t= 0.50d] V=2.248e+04 copies/mL  |  n_immune=   0  |  OK
  [t= 0.75d] V=8.676e+04 copies/mL  |  n_immune=   0  |  OK
  [t= 1.00d] V=3.286e+05 copies/mL  |  n_immune=   7  |  OK
  [t= 1.25d] V=1.169e+06 copies/mL  |  n_immune=   7  |  OK
  [t= 1.50d] V=3.438e+06 copies/mL  |  n_immune=   7  |  OK
  [t= 1.75d] V=6.828e+06 copies/mL  |  n_immune=   7  |  OK
  [t= 2.00d] V=8.869e+06 copies/mL  |  n_immune=  11  |  OK
  [t= 2.25d] V=9.000e+06 copies/mL  |  n_immune=  11  |  OK
  [t= 2.50d] V=8.238e+06 copies/mL  |  n_immune=  11  |  OK
  [t= 2.75d] V=7.243e+06 copies/mL  |  n_immune=  11  |  OK
  [t= 3.00d] V=6.256e+06 copies/mL  |  n_immune=  21  |  OK
  [t= 3.25d] V=5.359e+06 copies/mL  |  n_immune=  21  |  OK
  [t= 3.50d] V=4.575e+06 copies/mL  |  n_immune=  21  |  OK
  [t= 3.75d] V=3.901e+06 copies/mL  |  n_immune=  21  |  OK
  [t= 4.00d] V=3.321e+06 copies/mL  |  n_immune=  26  |  OK
  [t= 4.25d] V=2.824e+06 copies/mL  |  n_immune=  26  |  OK
  [t= 4.50d] V=2.400e+06 copies/mL  |  n_immune=  26  |  OK
  [t= 4.75d] V=2.039e+06 copies/mL  |  n_immune=  26  |  OK
  [t= 5.00d] V=1.731e+06 copies/mL  |  n_immune=  33  |  OK
  [t= 5.25d] V=1.467e+06 copies/mL  |  n_immune=  33  |  OK
  [t= 5.50d] V=1.242e+06 copies/mL  |  n_immune=  33  |  OK
  [t= 5.75d] V=1.052e+06 copies/mL  |  n_immune=  33  |  OK
  [t= 6.00d] V=8.899e+05 copies/mL  |  n_immune=  37  |  OK
  [t= 6.25d] V=7.524e+05 copies/mL  |  n_immune=  37  |  OK
  [t= 6.50d] V=6.358e+05 copies/mL  |  n_immune=  37  |  OK
  [t= 6.75d] V=5.373e+05 copies/mL  |  n_immune=  37  |  OK
  [t= 7.00d] V=4.538e+05 copies/mL  |  n_immune=  40  |  OK
  [t= 7.25d] V=3.830e+05 copies/mL  |  n_immune=  40  |  OK
  [t= 7.50d] V=3.232e+05 copies/mL  |  n_immune=  40  |  OK
  [t= 7.75d] V=2.727e+05 copies/mL  |  n_immune=  40  |  OK
  [t= 8.00d] V=2.299e+05 copies/mL  |  n_immune=  45  |  OK
  [t= 8.25d] V=1.936e+05 copies/mL  |  n_immune=  45  |  OK
  [t= 8.50d] V=1.630e+05 copies/mL  |  n_immune=  45  |  OK
  [t= 8.75d] V=1.371e+05 copies/mL  |  n_immune=  45  |  OK
  [t= 9.00d] V=1.154e+05 copies/mL  |  n_immune=  47  |  OK
  [t= 9.25d] V=9.704e+04 copies/mL  |  n_immune=  47  |  OK
  [t= 9.50d] V=8.159e+04 copies/mL  |  n_immune=  47  |  OK
  [t= 9.75d] V=6.860e+04 copies/mL  |  n_immune=  47  |  OK
  [t=10.00d] V=5.763e+04 copies/mL  |  n_immune=  51  |  OK
  [t=10.25d] V=4.838e+04 copies/mL  |  n_immune=  51  |  OK
  [t=10.50d] V=4.060e+04 copies/mL  |  n_immune=  51  |  OK
  [t=10.75d] V=3.407e+04 copies/mL  |  n_immune=  51  |  OK
  [t=11.00d] V=2.857e+04 copies/mL  |  n_immune=  55  |  OK
  [t=11.25d] V=2.394e+04 copies/mL  |  n_immune=  55  |  OK
  [t=11.50d] V=2.005e+04 copies/mL  |  n_immune=  55  |  OK
  [t=11.75d] V=1.679e+04 copies/mL  |  n_immune=  55  |  OK
  [t=12.00d] V=1.405e+04 copies/mL  |  n_immune=  59  |  OK
  [t=12.25d] V=1.175e+04 copies/mL  |  n_immune=  59  |  OK
  [t=12.50d] V=9.820e+03 copies/mL  |  n_immune=  59  |  OK
  [t=12.75d] V=8.207e+03 copies/mL  |  n_immune=  59  |  OK
  [t=13.00d] V=6.854e+03 copies/mL  |  n_immune=  63  |  OK
  [t=13.25d] V=5.720e+03 copies/mL  |  n_immune=  63  |  OK
  [t=13.50d] V=4.772e+03 copies/mL  |  n_immune=  63  |  OK
  [t=13.75d] V=3.980e+03 copies/mL  |  n_immune=  63  |  OK

[OISA] Done. 56 checkpoints in results/issl_14d_n20/r05

  r5 — 267s | peak V=9.00e+06 | V(day14)=3.98e+03 | max n_immune=63 | clearance=✓

============================================================
  REPLICATE 6  →  results/issl_14d_n20/r06
============================================================
[OISA] Starting 14-day influenza simulation
[OISA]   ODE:  Miao2010  (BIOMD0000000546, Δt=6h)
[OISA]   ABM:  Sego2020  (github@5b7e42c,  Δt=24h)
[OISA]   GSimT step: 6h  →  56 checkpoints

  [t= 0.00d] V=1.542e+03 copies/mL  |  n_immune=   0  |  OK
  [t= 0.25d] V=5.804e+03 copies/mL  |  n_immune=   0  |  OK
  [t= 0.50d] V=2.248e+04 copies/mL  |  n_immune=   0  |  OK
  [t= 0.75d] V=8.676e+04 copies/mL  |  n_immune=   0  |  OK
  [t= 1.00d] V=3.285e+05 copies/mL  |  n_immune=   8  |  OK
  [t= 1.25d] V=1.169e+06 copies/mL  |  n_immune=   8  |  OK
  [t= 1.50d] V=3.435e+06 copies/mL  |  n_immune=   8  |  OK
  [t= 1.75d] V=6.823e+06 copies/mL  |  n_immune=   8  |  OK
  [t= 2.00d] V=8.852e+06 copies/mL  |  n_immune=  17  |  OK
  [t= 2.25d] V=8.965e+06 copies/mL  |  n_immune=  17  |  OK
  [t= 2.50d] V=8.185e+06 copies/mL  |  n_immune=  17  |  OK
  [t= 2.75d] V=7.177e+06 copies/mL  |  n_immune=  17  |  OK
  [t= 3.00d] V=6.184e+06 copies/mL  |  n_immune=  25  |  OK
  [t= 3.25d] V=5.286e+06 copies/mL  |  n_immune=  25  |  OK
  [t= 3.50d] V=4.503e+06 copies/mL  |  n_immune=  25  |  OK
  [t= 3.75d] V=3.832e+06 copies/mL  |  n_immune=  25  |  OK
  [t= 4.00d] V=3.255e+06 copies/mL  |  n_immune=  30  |  OK
  [t= 4.25d] V=2.763e+06 copies/mL  |  n_immune=  30  |  OK
  [t= 4.50d] V=2.343e+06 copies/mL  |  n_immune=  30  |  OK
  [t= 4.75d] V=1.987e+06 copies/mL  |  n_immune=  30  |  OK
  [t= 5.00d] V=1.684e+06 copies/mL  |  n_immune=  33  |  OK
  [t= 5.25d] V=1.426e+06 copies/mL  |  n_immune=  33  |  OK
  [t= 5.50d] V=1.208e+06 copies/mL  |  n_immune=  33  |  OK
  [t= 5.75d] V=1.023e+06 copies/mL  |  n_immune=  33  |  OK
  [t= 6.00d] V=8.655e+05 copies/mL  |  n_immune=  35  |  OK
  [t= 6.25d] V=7.322e+05 copies/mL  |  n_immune=  35  |  OK
  [t= 6.50d] V=6.194e+05 copies/mL  |  n_immune=  35  |  OK
  [t= 6.75d] V=5.239e+05 copies/mL  |  n_immune=  35  |  OK
  [t= 7.00d] V=4.427e+05 copies/mL  |  n_immune=  40  |  OK
  [t= 7.25d] V=3.738e+05 copies/mL  |  n_immune=  40  |  OK
  [t= 7.50d] V=3.154e+05 copies/mL  |  n_immune=  40  |  OK
  [t= 7.75d] V=2.662e+05 copies/mL  |  n_immune=  40  |  OK
  [t= 8.00d] V=2.244e+05 copies/mL  |  n_immune=  43  |  OK
  [t= 8.25d] V=1.892e+05 copies/mL  |  n_immune=  43  |  OK
  [t= 8.50d] V=1.594e+05 copies/mL  |  n_immune=  43  |  OK
  [t= 8.75d] V=1.343e+05 copies/mL  |  n_immune=  43  |  OK
  [t= 9.00d] V=1.130e+05 copies/mL  |  n_immune=  46  |  OK
  [t= 9.25d] V=9.513e+04 copies/mL  |  n_immune=  46  |  OK
  [t= 9.50d] V=8.003e+04 copies/mL  |  n_immune=  46  |  OK
  [t= 9.75d] V=6.732e+04 copies/mL  |  n_immune=  46  |  OK
  [t=10.00d] V=5.660e+04 copies/mL  |  n_immune=  49  |  OK
  [t=10.25d] V=4.756e+04 copies/mL  |  n_immune=  49  |  OK
  [t=10.50d] V=3.995e+04 copies/mL  |  n_immune=  49  |  OK
  [t=10.75d] V=3.355e+04 copies/mL  |  n_immune=  49  |  OK
  [t=11.00d] V=2.817e+04 copies/mL  |  n_immune=  52  |  OK
  [t=11.25d] V=2.363e+04 copies/mL  |  n_immune=  52  |  OK
  [t=11.50d] V=1.982e+04 copies/mL  |  n_immune=  52  |  OK
  [t=11.75d] V=1.662e+04 copies/mL  |  n_immune=  52  |  OK
  [t=12.00d] V=1.393e+04 copies/mL  |  n_immune=  58  |  OK
  [t=12.25d] V=1.166e+04 copies/mL  |  n_immune=  58  |  OK
  [t=12.50d] V=9.748e+03 copies/mL  |  n_immune=  58  |  OK
  [t=12.75d] V=8.152e+03 copies/mL  |  n_immune=  58  |  OK
  [t=13.00d] V=6.814e+03 copies/mL  |  n_immune=  60  |  OK
  [t=13.25d] V=5.693e+03 copies/mL  |  n_immune=  60  |  OK
  [t=13.50d] V=4.756e+03 copies/mL  |  n_immune=  60  |  OK
  [t=13.75d] V=3.973e+03 copies/mL  |  n_immune=  60  |  OK

[OISA] Done. 56 checkpoints in results/issl_14d_n20/r06

  r6 — 265s | peak V=8.96e+06 | V(day14)=3.97e+03 | max n_immune=60 | clearance=✓

============================================================
  REPLICATE 7  →  results/issl_14d_n20/r07
============================================================
[OISA] Starting 14-day influenza simulation
[OISA]   ODE:  Miao2010  (BIOMD0000000546, Δt=6h)
[OISA]   ABM:  Sego2020  (github@5b7e42c,  Δt=24h)
[OISA]   GSimT step: 6h  →  56 checkpoints

  [t= 0.00d] V=1.542e+03 copies/mL  |  n_immune=   0  |  OK
  [t= 0.25d] V=5.804e+03 copies/mL  |  n_immune=   0  |  OK
  [t= 0.50d] V=2.248e+04 copies/mL  |  n_immune=   0  |  OK
  [t= 0.75d] V=8.676e+04 copies/mL  |  n_immune=   0  |  OK
  [t= 1.00d] V=3.287e+05 copies/mL  |  n_immune=   6  |  OK
  [t= 1.25d] V=1.170e+06 copies/mL  |  n_immune=   6  |  OK
  [t= 1.50d] V=3.440e+06 copies/mL  |  n_immune=   6  |  OK
  [t= 1.75d] V=6.834e+06 copies/mL  |  n_immune=   6  |  OK
  [t= 2.00d] V=8.874e+06 copies/mL  |  n_immune=  12  |  OK
  [t= 2.25d] V=9.000e+06 copies/mL  |  n_immune=  12  |  OK
  [t= 2.50d] V=8.234e+06 copies/mL  |  n_immune=  12  |  OK
  [t= 2.75d] V=7.236e+06 copies/mL  |  n_immune=  12  |  OK
  [t= 3.00d] V=6.250e+06 copies/mL  |  n_immune=  19  |  OK
  [t= 3.25d] V=5.357e+06 copies/mL  |  n_immune=  19  |  OK
  [t= 3.50d] V=4.578e+06 copies/mL  |  n_immune=  19  |  OK
  [t= 3.75d] V=3.906e+06 copies/mL  |  n_immune=  19  |  OK
  [t= 4.00d] V=3.326e+06 copies/mL  |  n_immune=  29  |  OK
  [t= 4.25d] V=2.826e+06 copies/mL  |  n_immune=  29  |  OK
  [t= 4.50d] V=2.399e+06 copies/mL  |  n_immune=  29  |  OK
  [t= 4.75d] V=2.035e+06 copies/mL  |  n_immune=  29  |  OK
  [t= 5.00d] V=1.726e+06 copies/mL  |  n_immune=  30  |  OK
  [t= 5.25d] V=1.464e+06 copies/mL  |  n_immune=  30  |  OK
  [t= 5.50d] V=1.242e+06 copies/mL  |  n_immune=  30  |  OK
  [t= 5.75d] V=1.053e+06 copies/mL  |  n_immune=  30  |  OK
  [t= 6.00d] V=8.922e+05 copies/mL  |  n_immune=  33  |  OK
  [t= 6.25d] V=7.556e+05 copies/mL  |  n_immune=  33  |  OK
  [t= 6.50d] V=6.398e+05 copies/mL  |  n_immune=  33  |  OK
  [t= 6.75d] V=5.417e+05 copies/mL  |  n_immune=  33  |  OK
  [t= 7.00d] V=4.585e+05 copies/mL  |  n_immune=  35  |  OK
  [t= 7.25d] V=3.879e+05 copies/mL  |  n_immune=  35  |  OK
  [t= 7.50d] V=3.281e+05 copies/mL  |  n_immune=  35  |  OK
  [t= 7.75d] V=2.775e+05 copies/mL  |  n_immune=  35  |  OK
  [t= 8.00d] V=2.346e+05 copies/mL  |  n_immune=  39  |  OK
  [t= 8.25d] V=1.981e+05 copies/mL  |  n_immune=  39  |  OK
  [t= 8.50d] V=1.673e+05 copies/mL  |  n_immune=  39  |  OK
  [t= 8.75d] V=1.412e+05 copies/mL  |  n_immune=  39  |  OK
  [t= 9.00d] V=1.191e+05 copies/mL  |  n_immune=  45  |  OK
  [t= 9.25d] V=1.003e+05 copies/mL  |  n_immune=  45  |  OK
  [t= 9.50d] V=8.443e+04 copies/mL  |  n_immune=  45  |  OK
  [t= 9.75d] V=7.106e+04 copies/mL  |  n_immune=  45  |  OK
  [t=10.00d] V=5.974e+04 copies/mL  |  n_immune=  51  |  OK
  [t=10.25d] V=5.017e+04 copies/mL  |  n_immune=  51  |  OK
  [t=10.50d] V=4.211e+04 copies/mL  |  n_immune=  51  |  OK
  [t=10.75d] V=3.534e+04 copies/mL  |  n_immune=  51  |  OK
  [t=11.00d] V=2.963e+04 copies/mL  |  n_immune=  55  |  OK
  [t=11.25d] V=2.483e+04 copies/mL  |  n_immune=  55  |  OK
  [t=11.50d] V=2.079e+04 copies/mL  |  n_immune=  55  |  OK
  [t=11.75d] V=1.741e+04 copies/mL  |  n_immune=  55  |  OK
  [t=12.00d] V=1.457e+04 copies/mL  |  n_immune=  61  |  OK
  [t=12.25d] V=1.217e+04 copies/mL  |  n_immune=  61  |  OK
  [t=12.50d] V=1.017e+04 copies/mL  |  n_immune=  61  |  OK
  [t=12.75d] V=8.488e+03 copies/mL  |  n_immune=  61  |  OK
  [t=13.00d] V=7.083e+03 copies/mL  |  n_immune=  64  |  OK
  [t=13.25d] V=5.907e+03 copies/mL  |  n_immune=  64  |  OK
  [t=13.50d] V=4.925e+03 copies/mL  |  n_immune=  64  |  OK
  [t=13.75d] V=4.106e+03 copies/mL  |  n_immune=  64  |  OK

[OISA] Done. 56 checkpoints in results/issl_14d_n20/r07

  r7 — 262s | peak V=9.00e+06 | V(day14)=4.11e+03 | max n_immune=64 | clearance=✓

============================================================
  REPLICATE 8  →  results/issl_14d_n20/r08
============================================================
[OISA] Starting 14-day influenza simulation
[OISA]   ODE:  Miao2010  (BIOMD0000000546, Δt=6h)
[OISA]   ABM:  Sego2020  (github@5b7e42c,  Δt=24h)
[OISA]   GSimT step: 6h  →  56 checkpoints

  [t= 0.00d] V=1.542e+03 copies/mL  |  n_immune=   0  |  OK
  [t= 0.25d] V=5.804e+03 copies/mL  |  n_immune=   0  |  OK
  [t= 0.50d] V=2.248e+04 copies/mL  |  n_immune=   0  |  OK
  [t= 0.75d] V=8.676e+04 copies/mL  |  n_immune=   0  |  OK
  [t= 1.00d] V=3.287e+05 copies/mL  |  n_immune=   6  |  OK
  [t= 1.25d] V=1.170e+06 copies/mL  |  n_immune=   6  |  OK
  [t= 1.50d] V=3.440e+06 copies/mL  |  n_immune=   6  |  OK
  [t= 1.75d] V=6.834e+06 copies/mL  |  n_immune=   6  |  OK
  [t= 2.00d] V=8.872e+06 copies/mL  |  n_immune=  13  |  OK
  [t= 2.25d] V=8.995e+06 copies/mL  |  n_immune=  13  |  OK
  [t= 2.50d] V=8.226e+06 copies/mL  |  n_immune=  13  |  OK
  [t= 2.75d] V=7.225e+06 copies/mL  |  n_immune=  13  |  OK
  [t= 3.00d] V=6.240e+06 copies/mL  |  n_immune=  18  |  OK
  [t= 3.25d] V=5.350e+06 copies/mL  |  n_immune=  18  |  OK
  [t= 3.50d] V=4.573e+06 copies/mL  |  n_immune=  18  |  OK
  [t= 3.75d] V=3.904e+06 copies/mL  |  n_immune=  18  |  OK
  [t= 4.00d] V=3.330e+06 copies/mL  |  n_immune=  20  |  OK
  [t= 4.25d] V=2.839e+06 copies/mL  |  n_immune=  20  |  OK
  [t= 4.50d] V=2.420e+06 copies/mL  |  n_immune=  20  |  OK
  [t= 4.75d] V=2.062e+06 copies/mL  |  n_immune=  20  |  OK
  [t= 5.00d] V=1.756e+06 copies/mL  |  n_immune=  24  |  OK
  [t= 5.25d] V=1.494e+06 copies/mL  |  n_immune=  24  |  OK
  [t= 5.50d] V=1.271e+06 copies/mL  |  n_immune=  24  |  OK
  [t= 5.75d] V=1.081e+06 copies/mL  |  n_immune=  24  |  OK
  [t= 6.00d] V=9.193e+05 copies/mL  |  n_immune=  25  |  OK
  [t= 6.25d] V=7.815e+05 copies/mL  |  n_immune=  25  |  OK
  [t= 6.50d] V=6.644e+05 copies/mL  |  n_immune=  25  |  OK
  [t= 6.75d] V=5.647e+05 copies/mL  |  n_immune=  25  |  OK
  [t= 7.00d] V=4.796e+05 copies/mL  |  n_immune=  30  |  OK
  [t= 7.25d] V=4.070e+05 copies/mL  |  n_immune=  30  |  OK
  [t= 7.50d] V=3.452e+05 copies/mL  |  n_immune=  30  |  OK
  [t= 7.75d] V=2.927e+05 copies/mL  |  n_immune=  30  |  OK
  [t= 8.00d] V=2.481e+05 copies/mL  |  n_immune=  32  |  OK
  [t= 8.25d] V=2.102e+05 copies/mL  |  n_immune=  32  |  OK
  [t= 8.50d] V=1.781e+05 copies/mL  |  n_immune=  32  |  OK
  [t= 8.75d] V=1.508e+05 copies/mL  |  n_immune=  32  |  OK
  [t= 9.00d] V=1.277e+05 copies/mL  |  n_immune=  37  |  OK
  [t= 9.25d] V=1.079e+05 copies/mL  |  n_immune=  37  |  OK
  [t= 9.50d] V=9.123e+04 copies/mL  |  n_immune=  37  |  OK
  [t= 9.75d] V=7.710e+04 copies/mL  |  n_immune=  37  |  OK
  [t=10.00d] V=6.510e+04 copies/mL  |  n_immune=  41  |  OK
  [t=10.25d] V=5.493e+04 copies/mL  |  n_immune=  41  |  OK
  [t=10.50d] V=4.633e+04 copies/mL  |  n_immune=  41  |  OK
  [t=10.75d] V=3.907e+04 copies/mL  |  n_immune=  41  |  OK
  [t=11.00d] V=3.292e+04 copies/mL  |  n_immune=  46  |  OK
  [t=11.25d] V=2.771e+04 copies/mL  |  n_immune=  46  |  OK
  [t=11.50d] V=2.331e+04 copies/mL  |  n_immune=  46  |  OK
  [t=11.75d] V=1.961e+04 copies/mL  |  n_immune=  46  |  OK
  [t=12.00d] V=1.650e+04 copies/mL  |  n_immune=  46  |  OK
  [t=12.25d] V=1.388e+04 copies/mL  |  n_immune=  46  |  OK
  [t=12.50d] V=1.167e+04 copies/mL  |  n_immune=  46  |  OK
  [t=12.75d] V=9.818e+03 copies/mL  |  n_immune=  46  |  OK
  [t=13.00d] V=8.251e+03 copies/mL  |  n_immune=  51  |  OK
  [t=13.25d] V=6.928e+03 copies/mL  |  n_immune=  51  |  OK
  [t=13.50d] V=5.814e+03 copies/mL  |  n_immune=  51  |  OK
  [t=13.75d] V=4.879e+03 copies/mL  |  n_immune=  51  |  OK

[OISA] Done. 56 checkpoints in results/issl_14d_n20/r08

  r8 — 269s | peak V=9.00e+06 | V(day14)=4.88e+03 | max n_immune=51 | clearance=✓

============================================================
  REPLICATE 9  →  results/issl_14d_n20/r09
============================================================
[OISA] Starting 14-day influenza simulation
[OISA]   ODE:  Miao2010  (BIOMD0000000546, Δt=6h)
[OISA]   ABM:  Sego2020  (github@5b7e42c,  Δt=24h)
[OISA]   GSimT step: 6h  →  56 checkpoints

  [t= 0.00d] V=1.542e+03 copies/mL  |  n_immune=   0  |  OK
  [t= 0.25d] V=5.804e+03 copies/mL  |  n_immune=   0  |  OK
  [t= 0.50d] V=2.248e+04 copies/mL  |  n_immune=   0  |  OK
  [t= 0.75d] V=8.676e+04 copies/mL  |  n_immune=   0  |  OK
  [t= 1.00d] V=3.288e+05 copies/mL  |  n_immune=   5  |  OK
  [t= 1.25d] V=1.170e+06 copies/mL  |  n_immune=   5  |  OK
  [t= 1.50d] V=3.443e+06 copies/mL  |  n_immune=   5  |  OK
  [t= 1.75d] V=6.839e+06 copies/mL  |  n_immune=   5  |  OK
  [t= 2.00d] V=8.876e+06 copies/mL  |  n_immune=  14  |  OK
  [t= 2.25d] V=8.995e+06 copies/mL  |  n_immune=  14  |  OK
  [t= 2.50d] V=8.222e+06 copies/mL  |  n_immune=  14  |  OK
  [t= 2.75d] V=7.218e+06 copies/mL  |  n_immune=  14  |  OK
  [t= 3.00d] V=6.229e+06 copies/mL  |  n_immune=  21  |  OK
  [t= 3.25d] V=5.334e+06 copies/mL  |  n_immune=  21  |  OK
  [t= 3.50d] V=4.553e+06 copies/mL  |  n_immune=  21  |  OK
  [t= 3.75d] V=3.882e+06 copies/mL  |  n_immune=  21  |  OK
  [t= 4.00d] V=3.305e+06 copies/mL  |  n_immune=  25  |  OK
  [t= 4.25d] V=2.811e+06 copies/mL  |  n_immune=  25  |  OK
  [t= 4.50d] V=2.390e+06 copies/mL  |  n_immune=  25  |  OK
  [t= 4.75d] V=2.032e+06 copies/mL  |  n_immune=  25  |  OK
  [t= 5.00d] V=1.726e+06 copies/mL  |  n_immune=  30  |  OK
  [t= 5.25d] V=1.464e+06 copies/mL  |  n_immune=  30  |  OK
  [t= 5.50d] V=1.242e+06 copies/mL  |  n_immune=  30  |  OK
  [t= 5.75d] V=1.053e+06 copies/mL  |  n_immune=  30  |  OK
  [t= 6.00d] V=8.926e+05 copies/mL  |  n_immune=  33  |  OK
  [t= 6.25d] V=7.560e+05 copies/mL  |  n_immune=  33  |  OK
  [t= 6.50d] V=6.402e+05 copies/mL  |  n_immune=  33  |  OK
  [t= 6.75d] V=5.420e+05 copies/mL  |  n_immune=  33  |  OK
  [t= 7.00d] V=4.584e+05 copies/mL  |  n_immune=  40  |  OK
  [t= 7.25d] V=3.871e+05 copies/mL  |  n_immune=  40  |  OK
  [t= 7.50d] V=3.267e+05 copies/mL  |  n_immune=  40  |  OK
  [t= 7.75d] V=2.757e+05 copies/mL  |  n_immune=  40  |  OK
  [t= 8.00d] V=2.326e+05 copies/mL  |  n_immune=  41  |  OK
  [t= 8.25d] V=1.961e+05 copies/mL  |  n_immune=  41  |  OK
  [t= 8.50d] V=1.654e+05 copies/mL  |  n_immune=  41  |  OK
  [t= 8.75d] V=1.395e+05 copies/mL  |  n_immune=  41  |  OK
  [t= 9.00d] V=1.176e+05 copies/mL  |  n_immune=  42  |  OK
  [t= 9.25d] V=9.912e+04 copies/mL  |  n_immune=  42  |  OK
  [t= 9.50d] V=8.355e+04 copies/mL  |  n_immune=  42  |  OK
  [t= 9.75d] V=7.042e+04 copies/mL  |  n_immune=  42  |  OK
  [t=10.00d] V=5.932e+04 copies/mL  |  n_immune=  45  |  OK
  [t=10.25d] V=4.994e+04 copies/mL  |  n_immune=  45  |  OK
  [t=10.50d] V=4.204e+04 copies/mL  |  n_immune=  45  |  OK
  [t=10.75d] V=3.538e+04 copies/mL  |  n_immune=  45  |  OK
  [t=11.00d] V=2.975e+04 copies/mL  |  n_immune=  49  |  OK
  [t=11.25d] V=2.500e+04 copies/mL  |  n_immune=  49  |  OK
  [t=11.50d] V=2.100e+04 copies/mL  |  n_immune=  49  |  OK
  [t=11.75d] V=1.764e+04 copies/mL  |  n_immune=  49  |  OK
  [t=12.00d] V=1.481e+04 copies/mL  |  n_immune=  54  |  OK
  [t=12.25d] V=1.241e+04 copies/mL  |  n_immune=  54  |  OK
  [t=12.50d] V=1.040e+04 copies/mL  |  n_immune=  54  |  OK
  [t=12.75d] V=8.716e+03 copies/mL  |  n_immune=  54  |  OK
  [t=13.00d] V=7.300e+03 copies/mL  |  n_immune=  56  |  OK
  [t=13.25d] V=6.112e+03 copies/mL  |  n_immune=  56  |  OK
  [t=13.50d] V=5.116e+03 copies/mL  |  n_immune=  56  |  OK
  [t=13.75d] V=4.282e+03 copies/mL  |  n_immune=  56  |  OK

[OISA] Done. 56 checkpoints in results/issl_14d_n20/r09

  r9 — 267s | peak V=9.00e+06 | V(day14)=4.28e+03 | max n_immune=56 | clearance=✓

============================================================
  REPLICATE 10  →  results/issl_14d_n20/r10
============================================================
[OISA] Starting 14-day influenza simulation
[OISA]   ODE:  Miao2010  (BIOMD0000000546, Δt=6h)
[OISA]   ABM:  Sego2020  (github@5b7e42c,  Δt=24h)
[OISA]   GSimT step: 6h  →  56 checkpoints

  [t= 0.00d] V=1.542e+03 copies/mL  |  n_immune=   0  |  OK
  [t= 0.25d] V=5.804e+03 copies/mL  |  n_immune=   0  |  OK
  [t= 0.50d] V=2.248e+04 copies/mL  |  n_immune=   0  |  OK
  [t= 0.75d] V=8.676e+04 copies/mL  |  n_immune=   0  |  OK
  [t= 1.00d] V=3.284e+05 copies/mL  |  n_immune=  10  |  OK
  [t= 1.25d] V=1.167e+06 copies/mL  |  n_immune=  10  |  OK
  [t= 1.50d] V=3.430e+06 copies/mL  |  n_immune=  10  |  OK
  [t= 1.75d] V=6.812e+06 copies/mL  |  n_immune=  10  |  OK
  [t= 2.00d] V=8.848e+06 copies/mL  |  n_immune=  13  |  OK
  [t= 2.25d] V=8.975e+06 copies/mL  |  n_immune=  13  |  OK
  [t= 2.50d] V=8.210e+06 copies/mL  |  n_immune=  13  |  OK
  [t= 2.75d] V=7.212e+06 copies/mL  |  n_immune=  13  |  OK
  [t= 3.00d] V=6.230e+06 copies/mL  |  n_immune=  17  |  OK
  [t= 3.25d] V=5.344e+06 copies/mL  |  n_immune=  17  |  OK
  [t= 3.50d] V=4.570e+06 copies/mL  |  n_immune=  17  |  OK
  [t= 3.75d] V=3.903e+06 copies/mL  |  n_immune=  17  |  OK
  [t= 4.00d] V=3.330e+06 copies/mL  |  n_immune=  20  |  OK
  [t= 4.25d] V=2.840e+06 copies/mL  |  n_immune=  20  |  OK
  [t= 4.50d] V=2.420e+06 copies/mL  |  n_immune=  20  |  OK
  [t= 4.75d] V=2.063e+06 copies/mL  |  n_immune=  20  |  OK
  [t= 5.00d] V=1.756e+06 copies/mL  |  n_immune=  25  |  OK
  [t= 5.25d] V=1.494e+06 copies/mL  |  n_immune=  25  |  OK
  [t= 5.50d] V=1.270e+06 copies/mL  |  n_immune=  25  |  OK
  [t= 5.75d] V=1.080e+06 copies/mL  |  n_immune=  25  |  OK
  [t= 6.00d] V=9.174e+05 copies/mL  |  n_immune=  28  |  OK
  [t= 6.25d] V=7.790e+05 copies/mL  |  n_immune=  28  |  OK
  [t= 6.50d] V=6.613e+05 copies/mL  |  n_immune=  28  |  OK
  [t= 6.75d] V=5.613e+05 copies/mL  |  n_immune=  28  |  OK
  [t= 7.00d] V=4.761e+05 copies/mL  |  n_immune=  32  |  OK
  [t= 7.25d] V=4.035e+05 copies/mL  |  n_immune=  32  |  OK
  [t= 7.50d] V=3.419e+05 copies/mL  |  n_immune=  32  |  OK
  [t= 7.75d] V=2.896e+05 copies/mL  |  n_immune=  32  |  OK
  [t= 8.00d] V=2.451e+05 copies/mL  |  n_immune=  36  |  OK
  [t= 8.25d] V=2.073e+05 copies/mL  |  n_immune=  36  |  OK
  [t= 8.50d] V=1.753e+05 copies/mL  |  n_immune=  36  |  OK
  [t= 8.75d] V=1.482e+05 copies/mL  |  n_immune=  36  |  OK
  [t= 9.00d] V=1.252e+05 copies/mL  |  n_immune=  40  |  OK
  [t= 9.25d] V=1.057e+05 copies/mL  |  n_immune=  40  |  OK
  [t= 9.50d] V=8.920e+04 copies/mL  |  n_immune=  40  |  OK
  [t= 9.75d] V=7.526e+04 copies/mL  |  n_immune=  40  |  OK
  [t=10.00d] V=6.345e+04 copies/mL  |  n_immune=  45  |  OK
  [t=10.25d] V=5.343e+04 copies/mL  |  n_immune=  45  |  OK
  [t=10.50d] V=4.498e+04 copies/mL  |  n_immune=  45  |  OK
  [t=10.75d] V=3.786e+04 copies/mL  |  n_immune=  45  |  OK
  [t=11.00d] V=3.185e+04 copies/mL  |  n_immune=  47  |  OK
  [t=11.25d] V=2.678e+04 copies/mL  |  n_immune=  47  |  OK
  [t=11.50d] V=2.252e+04 copies/mL  |  n_immune=  47  |  OK
  [t=11.75d] V=1.893e+04 copies/mL  |  n_immune=  47  |  OK
  [t=12.00d] V=1.591e+04 copies/mL  |  n_immune=  52  |  OK
  [t=12.25d] V=1.335e+04 copies/mL  |  n_immune=  52  |  OK
  [t=12.50d] V=1.120e+04 copies/mL  |  n_immune=  52  |  OK
  [t=12.75d] V=9.391e+03 copies/mL  |  n_immune=  52  |  OK
  [t=13.00d] V=7.869e+03 copies/mL  |  n_immune=  57  |  OK
  [t=13.25d] V=6.587e+03 copies/mL  |  n_immune=  57  |  OK
  [t=13.50d] V=5.512e+03 copies/mL  |  n_immune=  57  |  OK
  [t=13.75d] V=4.612e+03 copies/mL  |  n_immune=  57  |  OK

[OISA] Done. 56 checkpoints in results/issl_14d_n20/r10

  r10 — 265s | peak V=8.98e+06 | V(day14)=4.61e+03 | max n_immune=57 | clearance=✓

============================================================
  REPLICATE 11  →  results/issl_14d_n20/r11
============================================================
[OISA] Starting 14-day influenza simulation
[OISA]   ODE:  Miao2010  (BIOMD0000000546, Δt=6h)
[OISA]   ABM:  Sego2020  (github@5b7e42c,  Δt=24h)
[OISA]   GSimT step: 6h  →  56 checkpoints

  [t= 0.00d] V=1.542e+03 copies/mL  |  n_immune=   0  |  OK
  [t= 0.25d] V=5.804e+03 copies/mL  |  n_immune=   0  |  OK
  [t= 0.50d] V=2.248e+04 copies/mL  |  n_immune=   0  |  OK
  [t= 0.75d] V=8.676e+04 copies/mL  |  n_immune=   0  |  OK
  [t= 1.00d] V=3.289e+05 copies/mL  |  n_immune=   3  |  OK
  [t= 1.25d] V=1.172e+06 copies/mL  |  n_immune=   3  |  OK
  [t= 1.50d] V=3.448e+06 copies/mL  |  n_immune=   3  |  OK
  [t= 1.75d] V=6.850e+06 copies/mL  |  n_immune=   3  |  OK
  [t= 2.00d] V=8.890e+06 copies/mL  |  n_immune=  13  |  OK
  [t= 2.25d] V=9.010e+06 copies/mL  |  n_immune=  13  |  OK
  [t= 2.50d] V=8.238e+06 copies/mL  |  n_immune=  13  |  OK
  [t= 2.75d] V=7.235e+06 copies/mL  |  n_immune=  13  |  OK
  [t= 3.00d] V=6.249e+06 copies/mL  |  n_immune=  18  |  OK
  [t= 3.25d] V=5.358e+06 copies/mL  |  n_immune=  18  |  OK
  [t= 3.50d] V=4.580e+06 copies/mL  |  n_immune=  18  |  OK
  [t= 3.75d] V=3.910e+06 copies/mL  |  n_immune=  18  |  OK
  [t= 4.00d] V=3.332e+06 copies/mL  |  n_immune=  25  |  OK
  [t= 4.25d] V=2.835e+06 copies/mL  |  n_immune=  25  |  OK
  [t= 4.50d] V=2.411e+06 copies/mL  |  n_immune=  25  |  OK
  [t= 4.75d] V=2.050e+06 copies/mL  |  n_immune=  25  |  OK
  [t= 5.00d] V=1.741e+06 copies/mL  |  n_immune=  31  |  OK
  [t= 5.25d] V=1.477e+06 copies/mL  |  n_immune=  31  |  OK
  [t= 5.50d] V=1.252e+06 copies/mL  |  n_immune=  31  |  OK
  [t= 5.75d] V=1.061e+06 copies/mL  |  n_immune=  31  |  OK
  [t= 6.00d] V=8.985e+05 copies/mL  |  n_immune=  36  |  OK
  [t= 6.25d] V=7.601e+05 copies/mL  |  n_immune=  36  |  OK
  [t= 6.50d] V=6.427e+05 copies/mL  |  n_immune=  36  |  OK
  [t= 6.75d] V=5.434e+05 copies/mL  |  n_immune=  36  |  OK
  [t= 7.00d] V=4.590e+05 copies/mL  |  n_immune=  41  |  OK
  [t= 7.25d] V=3.873e+05 copies/mL  |  n_immune=  41  |  OK
  [t= 7.50d] V=3.267e+05 copies/mL  |  n_immune=  41  |  OK
  [t= 7.75d] V=2.755e+05 copies/mL  |  n_immune=  41  |  OK
  [t= 8.00d] V=2.322e+05 copies/mL  |  n_immune=  46  |  OK
  [t= 8.25d] V=1.954e+05 copies/mL  |  n_immune=  46  |  OK
  [t= 8.50d] V=1.644e+05 copies/mL  |  n_immune=  46  |  OK
  [t= 8.75d] V=1.383e+05 copies/mL  |  n_immune=  46  |  OK
  [t= 9.00d] V=1.163e+05 copies/mL  |  n_immune=  47  |  OK
  [t= 9.25d] V=9.781e+04 copies/mL  |  n_immune=  47  |  OK
  [t= 9.50d] V=8.224e+04 copies/mL  |  n_immune=  47  |  OK
  [t= 9.75d] V=6.914e+04 copies/mL  |  n_immune=  47  |  OK
  [t=10.00d] V=5.812e+04 copies/mL  |  n_immune=  48  |  OK
  [t=10.25d] V=4.884e+04 copies/mL  |  n_immune=  48  |  OK
  [t=10.50d] V=4.105e+04 copies/mL  |  n_immune=  48  |  OK
  [t=10.75d] V=3.449e+04 copies/mL  |  n_immune=  48  |  OK
  [t=11.00d] V=2.897e+04 copies/mL  |  n_immune=  51  |  OK
  [t=11.25d] V=2.432e+04 copies/mL  |  n_immune=  51  |  OK
  [t=11.50d] V=2.041e+04 copies/mL  |  n_immune=  51  |  OK
  [t=11.75d] V=1.712e+04 copies/mL  |  n_immune=  51  |  OK
  [t=12.00d] V=1.437e+04 copies/mL  |  n_immune=  51  |  OK
  [t=12.25d] V=1.205e+04 copies/mL  |  n_immune=  51  |  OK
  [t=12.50d] V=1.011e+04 copies/mL  |  n_immune=  51  |  OK
  [t=12.75d] V=8.486e+03 copies/mL  |  n_immune=  51  |  OK
  [t=13.00d] V=7.120e+03 copies/mL  |  n_immune=  51  |  OK
  [t=13.25d] V=5.974e+03 copies/mL  |  n_immune=  51  |  OK
  [t=13.50d] V=5.012e+03 copies/mL  |  n_immune=  51  |  OK
  [t=13.75d] V=4.205e+03 copies/mL  |  n_immune=  51  |  OK

[OISA] Done. 56 checkpoints in results/issl_14d_n20/r11

  r11 — 270s | peak V=9.01e+06 | V(day14)=4.21e+03 | max n_immune=51 | clearance=✓

============================================================
  REPLICATE 12  →  results/issl_14d_n20/r12
============================================================
[OISA] Starting 14-day influenza simulation
[OISA]   ODE:  Miao2010  (BIOMD0000000546, Δt=6h)
[OISA]   ABM:  Sego2020  (github@5b7e42c,  Δt=24h)
[OISA]   GSimT step: 6h  →  56 checkpoints

  [t= 0.00d] V=1.542e+03 copies/mL  |  n_immune=   0  |  OK
  [t= 0.25d] V=5.804e+03 copies/mL  |  n_immune=   0  |  OK
  [t= 0.50d] V=2.248e+04 copies/mL  |  n_immune=   0  |  OK
  [t= 0.75d] V=8.676e+04 copies/mL  |  n_immune=   0  |  OK
  [t= 1.00d] V=3.285e+05 copies/mL  |  n_immune=   8  |  OK
  [t= 1.25d] V=1.169e+06 copies/mL  |  n_immune=   8  |  OK
  [t= 1.50d] V=3.435e+06 copies/mL  |  n_immune=   8  |  OK
  [t= 1.75d] V=6.823e+06 copies/mL  |  n_immune=   8  |  OK
  [t= 2.00d] V=8.861e+06 copies/mL  |  n_immune=  12  |  OK
  [t= 2.25d] V=8.990e+06 copies/mL  |  n_immune=  12  |  OK
  [t= 2.50d] V=8.226e+06 copies/mL  |  n_immune=  12  |  OK
  [t= 2.75d] V=7.229e+06 copies/mL  |  n_immune=  12  |  OK
  [t= 3.00d] V=6.246e+06 copies/mL  |  n_immune=  18  |  OK
  [t= 3.25d] V=5.355e+06 copies/mL  |  n_immune=  18  |  OK
  [t= 3.50d] V=4.578e+06 copies/mL  |  n_immune=  18  |  OK
  [t= 3.75d] V=3.908e+06 copies/mL  |  n_immune=  18  |  OK
  [t= 4.00d] V=3.335e+06 copies/mL  |  n_immune=  19  |  OK
  [t= 4.25d] V=2.844e+06 copies/mL  |  n_immune=  19  |  OK
  [t= 4.50d] V=2.425e+06 copies/mL  |  n_immune=  19  |  OK
  [t= 4.75d] V=2.067e+06 copies/mL  |  n_immune=  19  |  OK
  [t= 5.00d] V=1.762e+06 copies/mL  |  n_immune=  21  |  OK
  [t= 5.25d] V=1.501e+06 copies/mL  |  n_immune=  21  |  OK
  [t= 5.50d] V=1.279e+06 copies/mL  |  n_immune=  21  |  OK
  [t= 5.75d] V=1.089e+06 copies/mL  |  n_immune=  21  |  OK
  [t= 6.00d] V=9.270e+05 copies/mL  |  n_immune=  25  |  OK
  [t= 6.25d] V=7.884e+05 copies/mL  |  n_immune=  25  |  OK
  [t= 6.50d] V=6.703e+05 copies/mL  |  n_immune=  25  |  OK
  [t= 6.75d] V=5.699e+05 copies/mL  |  n_immune=  25  |  OK
  [t= 7.00d] V=4.841e+05 copies/mL  |  n_immune=  29  |  OK
  [t= 7.25d] V=4.109e+05 copies/mL  |  n_immune=  29  |  OK
  [t= 7.50d] V=3.486e+05 copies/mL  |  n_immune=  29  |  OK
  [t= 7.75d] V=2.958e+05 copies/mL  |  n_immune=  29  |  OK
  [t= 8.00d] V=2.508e+05 copies/mL  |  n_immune=  31  |  OK
  [t= 8.25d] V=2.126e+05 copies/mL  |  n_immune=  31  |  OK
  [t= 8.50d] V=1.802e+05 copies/mL  |  n_immune=  31  |  OK
  [t= 8.75d] V=1.527e+05 copies/mL  |  n_immune=  31  |  OK
  [t= 9.00d] V=1.294e+05 copies/mL  |  n_immune=  33  |  OK
  [t= 9.25d] V=1.096e+05 copies/mL  |  n_immune=  33  |  OK
  [t= 9.50d] V=9.279e+04 copies/mL  |  n_immune=  33  |  OK
  [t= 9.75d] V=7.856e+04 copies/mL  |  n_immune=  33  |  OK
  [t=10.00d] V=6.649e+04 copies/mL  |  n_immune=  35  |  OK
  [t=10.25d] V=5.625e+04 copies/mL  |  n_immune=  35  |  OK
  [t=10.50d] V=4.758e+04 copies/mL  |  n_immune=  35  |  OK
  [t=10.75d] V=4.025e+04 copies/mL  |  n_immune=  35  |  OK
  [t=11.00d] V=3.402e+04 copies/mL  |  n_immune=  38  |  OK
  [t=11.25d] V=2.874e+04 copies/mL  |  n_immune=  38  |  OK
  [t=11.50d] V=2.428e+04 copies/mL  |  n_immune=  38  |  OK
  [t=11.75d] V=2.050e+04 copies/mL  |  n_immune=  38  |  OK
  [t=12.00d] V=1.731e+04 copies/mL  |  n_immune=  41  |  OK
  [t=12.25d] V=1.460e+04 copies/mL  |  n_immune=  41  |  OK
  [t=12.50d] V=1.231e+04 copies/mL  |  n_immune=  41  |  OK
  [t=12.75d] V=1.038e+04 copies/mL  |  n_immune=  41  |  OK
  [t=13.00d] V=8.757e+03 copies/mL  |  n_immune=  41  |  OK
  [t=13.25d] V=7.385e+03 copies/mL  |  n_immune=  41  |  OK
  [t=13.50d] V=6.227e+03 copies/mL  |  n_immune=  41  |  OK
  [t=13.75d] V=5.251e+03 copies/mL  |  n_immune=  41  |  OK

[OISA] Done. 56 checkpoints in results/issl_14d_n20/r12

  r12 — 273s | peak V=8.99e+06 | V(day14)=5.25e+03 | max n_immune=41 | clearance=✓

============================================================
  REPLICATE 13  →  results/issl_14d_n20/r13
============================================================
[OISA] Starting 14-day influenza simulation
[OISA]   ODE:  Miao2010  (BIOMD0000000546, Δt=6h)
[OISA]   ABM:  Sego2020  (github@5b7e42c,  Δt=24h)
[OISA]   GSimT step: 6h  →  56 checkpoints

  [t= 0.00d] V=1.542e+03 copies/mL  |  n_immune=   0  |  OK
  [t= 0.25d] V=5.804e+03 copies/mL  |  n_immune=   0  |  OK
  [t= 0.50d] V=2.248e+04 copies/mL  |  n_immune=   0  |  OK
  [t= 0.75d] V=8.676e+04 copies/mL  |  n_immune=   0  |  OK
  [t= 1.00d] V=3.287e+05 copies/mL  |  n_immune=   6  |  OK
  [t= 1.25d] V=1.170e+06 copies/mL  |  n_immune=   6  |  OK
  [t= 1.50d] V=3.440e+06 copies/mL  |  n_immune=   6  |  OK
  [t= 1.75d] V=6.834e+06 copies/mL  |  n_immune=   6  |  OK
  [t= 2.00d] V=8.877e+06 copies/mL  |  n_immune=  10  |  OK
  [t= 2.25d] V=9.010e+06 copies/mL  |  n_immune=  10  |  OK
  [t= 2.50d] V=8.250e+06 copies/mL  |  n_immune=  10  |  OK
  [t= 2.75d] V=7.256e+06 copies/mL  |  n_immune=  10  |  OK
  [t= 3.00d] V=6.276e+06 copies/mL  |  n_immune=  15  |  OK
  [t= 3.25d] V=5.389e+06 copies/mL  |  n_immune=  15  |  OK
  [t= 3.50d] V=4.613e+06 copies/mL  |  n_immune=  15  |  OK
  [t= 3.75d] V=3.944e+06 copies/mL  |  n_immune=  15  |  OK
  [t= 4.00d] V=3.368e+06 copies/mL  |  n_immune=  19  |  OK
  [t= 4.25d] V=2.874e+06 copies/mL  |  n_immune=  19  |  OK
  [t= 4.50d] V=2.451e+06 copies/mL  |  n_immune=  19  |  OK
  [t= 4.75d] V=2.090e+06 copies/mL  |  n_immune=  19  |  OK
  [t= 5.00d] V=1.781e+06 copies/mL  |  n_immune=  20  |  OK
  [t= 5.25d] V=1.518e+06 copies/mL  |  n_immune=  20  |  OK
  [t= 5.50d] V=1.294e+06 copies/mL  |  n_immune=  20  |  OK
  [t= 5.75d] V=1.103e+06 copies/mL  |  n_immune=  20  |  OK
  [t= 6.00d] V=9.388e+05 copies/mL  |  n_immune=  25  |  OK
  [t= 6.25d] V=7.985e+05 copies/mL  |  n_immune=  25  |  OK
  [t= 6.50d] V=6.789e+05 copies/mL  |  n_immune=  25  |  OK
  [t= 6.75d] V=5.772e+05 copies/mL  |  n_immune=  25  |  OK
  [t= 7.00d] V=4.902e+05 copies/mL  |  n_immune=  30  |  OK
  [t= 7.25d] V=4.160e+05 copies/mL  |  n_immune=  30  |  OK
  [t= 7.50d] V=3.528e+05 copies/mL  |  n_immune=  30  |  OK
  [t= 7.75d] V=2.992e+05 copies/mL  |  n_immune=  30  |  OK
  [t= 8.00d] V=2.537e+05 copies/mL  |  n_immune=  30  |  OK
  [t= 8.25d] V=2.151e+05 copies/mL  |  n_immune=  30  |  OK
  [t= 8.50d] V=1.824e+05 copies/mL  |  n_immune=  30  |  OK
  [t= 8.75d] V=1.546e+05 copies/mL  |  n_immune=  30  |  OK
  [t= 9.00d] V=1.310e+05 copies/mL  |  n_immune=  36  |  OK
  [t= 9.25d] V=1.108e+05 copies/mL  |  n_immune=  36  |  OK
  [t= 9.50d] V=9.371e+04 copies/mL  |  n_immune=  36  |  OK
  [t= 9.75d] V=7.923e+04 copies/mL  |  n_immune=  36  |  OK
  [t=10.00d] V=6.695e+04 copies/mL  |  n_immune=  39  |  OK
  [t=10.25d] V=5.653e+04 copies/mL  |  n_immune=  39  |  OK
  [t=10.50d] V=4.773e+04 copies/mL  |  n_immune=  39  |  OK
  [t=10.75d] V=4.029e+04 copies/mL  |  n_immune=  39  |  OK
  [t=11.00d] V=3.400e+04 copies/mL  |  n_immune=  40  |  OK
  [t=11.25d] V=2.869e+04 copies/mL  |  n_immune=  40  |  OK
  [t=11.50d] V=2.421e+04 copies/mL  |  n_immune=  40  |  OK
  [t=11.75d] V=2.042e+04 copies/mL  |  n_immune=  40  |  OK
  [t=12.00d] V=1.722e+04 copies/mL  |  n_immune=  44  |  OK
  [t=12.25d] V=1.451e+04 copies/mL  |  n_immune=  44  |  OK
  [t=12.50d] V=1.222e+04 copies/mL  |  n_immune=  44  |  OK
  [t=12.75d] V=1.029e+04 copies/mL  |  n_immune=  44  |  OK
  [t=13.00d] V=8.657e+03 copies/mL  |  n_immune=  47  |  OK
  [t=13.25d] V=7.281e+03 copies/mL  |  n_immune=  47  |  OK
  [t=13.50d] V=6.123e+03 copies/mL  |  n_immune=  47  |  OK
  [t=13.75d] V=5.148e+03 copies/mL  |  n_immune=  47  |  OK

[OISA] Done. 56 checkpoints in results/issl_14d_n20/r13

  r13 — 273s | peak V=9.01e+06 | V(day14)=5.15e+03 | max n_immune=47 | clearance=✓

============================================================
  REPLICATE 14  →  results/issl_14d_n20/r14
============================================================
[OISA] Starting 14-day influenza simulation
[OISA]   ODE:  Miao2010  (BIOMD0000000546, Δt=6h)
[OISA]   ABM:  Sego2020  (github@5b7e42c,  Δt=24h)
[OISA]   GSimT step: 6h  →  56 checkpoints

  [t= 0.00d] V=1.542e+03 copies/mL  |  n_immune=   0  |  OK
  [t= 0.25d] V=5.804e+03 copies/mL  |  n_immune=   0  |  OK
  [t= 0.50d] V=2.248e+04 copies/mL  |  n_immune=   0  |  OK
  [t= 0.75d] V=8.676e+04 copies/mL  |  n_immune=   0  |  OK
  [t= 1.00d] V=3.287e+05 copies/mL  |  n_immune=   6  |  OK
  [t= 1.25d] V=1.170e+06 copies/mL  |  n_immune=   6  |  OK
  [t= 1.50d] V=3.440e+06 copies/mL  |  n_immune=   6  |  OK
  [t= 1.75d] V=6.834e+06 copies/mL  |  n_immune=   6  |  OK
  [t= 2.00d] V=8.881e+06 copies/mL  |  n_immune=   8  |  OK
  [t= 2.25d] V=9.021e+06 copies/mL  |  n_immune=   8  |  OK
  [t= 2.50d] V=8.266e+06 copies/mL  |  n_immune=   8  |  OK
  [t= 2.75d] V=7.277e+06 copies/mL  |  n_immune=   8  |  OK
  [t= 3.00d] V=6.297e+06 copies/mL  |  n_immune=  16  |  OK
  [t= 3.25d] V=5.406e+06 copies/mL  |  n_immune=  16  |  OK
  [t= 3.50d] V=4.626e+06 copies/mL  |  n_immune=  16  |  OK
  [t= 3.75d] V=3.954e+06 copies/mL  |  n_immune=  16  |  OK
  [t= 4.00d] V=3.375e+06 copies/mL  |  n_immune=  20  |  OK
  [t= 4.25d] V=2.878e+06 copies/mL  |  n_immune=  20  |  OK
  [t= 4.50d] V=2.453e+06 copies/mL  |  n_immune=  20  |  OK
  [t= 4.75d] V=2.091e+06 copies/mL  |  n_immune=  20  |  OK
  [t= 5.00d] V=1.780e+06 copies/mL  |  n_immune=  25  |  OK
  [t= 5.25d] V=1.514e+06 copies/mL  |  n_immune=  25  |  OK
  [t= 5.50d] V=1.287e+06 copies/mL  |  n_immune=  25  |  OK
  [t= 5.75d] V=1.095e+06 copies/mL  |  n_immune=  25  |  OK
  [t= 6.00d] V=9.290e+05 copies/mL  |  n_immune=  34  |  OK
  [t= 6.25d] V=7.871e+05 copies/mL  |  n_immune=  34  |  OK
  [t= 6.50d] V=6.664e+05 copies/mL  |  n_immune=  34  |  OK
  [t= 6.75d] V=5.640e+05 copies/mL  |  n_immune=  34  |  OK
  [t= 7.00d] V=4.771e+05 copies/mL  |  n_immune=  37  |  OK
  [t= 7.25d] V=4.033e+05 copies/mL  |  n_immune=  37  |  OK
  [t= 7.50d] V=3.408e+05 copies/mL  |  n_immune=  37  |  OK
  [t= 7.75d] V=2.880e+05 copies/mL  |  n_immune=  37  |  OK
  [t= 8.00d] V=2.432e+05 copies/mL  |  n_immune=  40  |  OK
  [t= 8.25d] V=2.053e+05 copies/mL  |  n_immune=  40  |  OK
  [t= 8.50d] V=1.732e+05 copies/mL  |  n_immune=  40  |  OK
  [t= 8.75d] V=1.461e+05 copies/mL  |  n_immune=  40  |  OK
  [t= 9.00d] V=1.232e+05 copies/mL  |  n_immune=  46  |  OK
  [t= 9.25d] V=1.037e+05 copies/mL  |  n_immune=  46  |  OK
  [t= 9.50d] V=8.725e+04 copies/mL  |  n_immune=  46  |  OK
  [t= 9.75d] V=7.340e+04 copies/mL  |  n_immune=  46  |  OK
  [t=10.00d] V=6.168e+04 copies/mL  |  n_immune=  52  |  OK
  [t=10.25d] V=5.177e+04 copies/mL  |  n_immune=  52  |  OK
  [t=10.50d] V=4.343e+04 copies/mL  |  n_immune=  52  |  OK
  [t=10.75d] V=3.643e+04 copies/mL  |  n_immune=  52  |  OK
  [t=11.00d] V=3.052e+04 copies/mL  |  n_immune=  57  |  OK
  [t=11.25d] V=2.555e+04 copies/mL  |  n_immune=  57  |  OK
  [t=11.50d] V=2.138e+04 copies/mL  |  n_immune=  57  |  OK
  [t=11.75d] V=1.789e+04 copies/mL  |  n_immune=  57  |  OK
  [t=12.00d] V=1.497e+04 copies/mL  |  n_immune=  57  |  OK
  [t=12.25d] V=1.252e+04 copies/mL  |  n_immune=  57  |  OK
  [t=12.50d] V=1.047e+04 copies/mL  |  n_immune=  57  |  OK
  [t=12.75d] V=8.760e+03 copies/mL  |  n_immune=  57  |  OK
  [t=13.00d] V=7.325e+03 copies/mL  |  n_immune=  60  |  OK
  [t=13.25d] V=6.121e+03 copies/mL  |  n_immune=  60  |  OK
  [t=13.50d] V=5.113e+03 copies/mL  |  n_immune=  60  |  OK
  [t=13.75d] V=4.271e+03 copies/mL  |  n_immune=  60  |  OK

[OISA] Done. 56 checkpoints in results/issl_14d_n20/r14

  r14 — 258s | peak V=9.02e+06 | V(day14)=4.27e+03 | max n_immune=60 | clearance=✓

============================================================
  REPLICATE 15  →  results/issl_14d_n20/r15
============================================================
[OISA] Starting 14-day influenza simulation
[OISA]   ODE:  Miao2010  (BIOMD0000000546, Δt=6h)
[OISA]   ABM:  Sego2020  (github@5b7e42c,  Δt=24h)
[OISA]   GSimT step: 6h  →  56 checkpoints

  [t= 0.00d] V=1.542e+03 copies/mL  |  n_immune=   0  |  OK
  [t= 0.25d] V=5.804e+03 copies/mL  |  n_immune=   0  |  OK
  [t= 0.50d] V=2.248e+04 copies/mL  |  n_immune=   0  |  OK
  [t= 0.75d] V=8.676e+04 copies/mL  |  n_immune=   0  |  OK
  [t= 1.00d] V=3.288e+05 copies/mL  |  n_immune=   5  |  OK
  [t= 1.25d] V=1.170e+06 copies/mL  |  n_immune=   5  |  OK
  [t= 1.50d] V=3.443e+06 copies/mL  |  n_immune=   5  |  OK
  [t= 1.75d] V=6.839e+06 copies/mL  |  n_immune=   5  |  OK
  [t= 2.00d] V=8.881e+06 copies/mL  |  n_immune=  11  |  OK
  [t= 2.25d] V=9.010e+06 copies/mL  |  n_immune=  11  |  OK
  [t= 2.50d] V=8.246e+06 copies/mL  |  n_immune=  11  |  OK
  [t= 2.75d] V=7.249e+06 copies/mL  |  n_immune=  11  |  OK
  [t= 3.00d] V=6.269e+06 copies/mL  |  n_immune=  14  |  OK
  [t= 3.25d] V=5.384e+06 copies/mL  |  n_immune=  14  |  OK
  [t= 3.50d] V=4.611e+06 copies/mL  |  n_immune=  14  |  OK
  [t= 3.75d] V=3.944e+06 copies/mL  |  n_immune=  14  |  OK
  [t= 4.00d] V=3.370e+06 copies/mL  |  n_immune=  18  |  OK
  [t= 4.25d] V=2.877e+06 copies/mL  |  n_immune=  18  |  OK
  [t= 4.50d] V=2.454e+06 copies/mL  |  n_immune=  18  |  OK
  [t= 4.75d] V=2.094e+06 copies/mL  |  n_immune=  18  |  OK
  [t= 5.00d] V=1.785e+06 copies/mL  |  n_immune=  23  |  OK
  [t= 5.25d] V=1.519e+06 copies/mL  |  n_immune=  23  |  OK
  [t= 5.50d] V=1.293e+06 copies/mL  |  n_immune=  23  |  OK
  [t= 5.75d] V=1.101e+06 copies/mL  |  n_immune=  23  |  OK
  [t= 6.00d] V=9.355e+05 copies/mL  |  n_immune=  29  |  OK
  [t= 6.25d] V=7.943e+05 copies/mL  |  n_immune=  29  |  OK
  [t= 6.50d] V=6.740e+05 copies/mL  |  n_immune=  29  |  OK
  [t= 6.75d] V=5.719e+05 copies/mL  |  n_immune=  29  |  OK
  [t= 7.00d] V=4.850e+05 copies/mL  |  n_immune=  31  |  OK
  [t= 7.25d] V=4.111e+05 copies/mL  |  n_immune=  31  |  OK
  [t= 7.50d] V=3.485e+05 copies/mL  |  n_immune=  31  |  OK
  [t= 7.75d] V=2.953e+05 copies/mL  |  n_immune=  31  |  OK
  [t= 8.00d] V=2.501e+05 copies/mL  |  n_immune=  35  |  OK
  [t= 8.25d] V=2.117e+05 copies/mL  |  n_immune=  35  |  OK
  [t= 8.50d] V=1.791e+05 copies/mL  |  n_immune=  35  |  OK
  [t= 8.75d] V=1.515e+05 copies/mL  |  n_immune=  35  |  OK
  [t= 9.00d] V=1.281e+05 copies/mL  |  n_immune=  37  |  OK
  [t= 9.25d] V=1.082e+05 copies/mL  |  n_immune=  37  |  OK
  [t= 9.50d] V=9.146e+04 copies/mL  |  n_immune=  37  |  OK
  [t= 9.75d] V=7.728e+04 copies/mL  |  n_immune=  37  |  OK
  [t=10.00d] V=6.523e+04 copies/mL  |  n_immune=  43  |  OK
  [t=10.25d] V=5.500e+04 copies/mL  |  n_immune=  43  |  OK
  [t=10.50d] V=4.635e+04 copies/mL  |  n_immune=  43  |  OK
  [t=10.75d] V=3.905e+04 copies/mL  |  n_immune=  43  |  OK
  [t=11.00d] V=3.287e+04 copies/mL  |  n_immune=  48  |  OK
  [t=11.25d] V=2.764e+04 copies/mL  |  n_immune=  48  |  OK
  [t=11.50d] V=2.323e+04 copies/mL  |  n_immune=  48  |  OK
  [t=11.75d] V=1.952e+04 copies/mL  |  n_immune=  48  |  OK
  [t=12.00d] V=1.640e+04 copies/mL  |  n_immune=  52  |  OK
  [t=12.25d] V=1.376e+04 copies/mL  |  n_immune=  52  |  OK
  [t=12.50d] V=1.154e+04 copies/mL  |  n_immune=  52  |  OK
  [t=12.75d] V=9.678e+03 copies/mL  |  n_immune=  52  |  OK
  [t=13.00d] V=8.107e+03 copies/mL  |  n_immune=  59  |  OK
  [t=13.25d] V=6.782e+03 copies/mL  |  n_immune=  59  |  OK
  [t=13.50d] V=5.670e+03 copies/mL  |  n_immune=  59  |  OK
  [t=13.75d] V=4.739e+03 copies/mL  |  n_immune=  59  |  OK

[OISA] Done. 56 checkpoints in results/issl_14d_n20/r15

  r15 — 263s | peak V=9.01e+06 | V(day14)=4.74e+03 | max n_immune=59 | clearance=✓

============================================================
  REPLICATE 16  →  results/issl_14d_n20/r16
============================================================
[OISA] Starting 14-day influenza simulation
[OISA]   ODE:  Miao2010  (BIOMD0000000546, Δt=6h)
[OISA]   ABM:  Sego2020  (github@5b7e42c,  Δt=24h)
[OISA]   GSimT step: 6h  →  56 checkpoints

  [t= 0.00d] V=1.542e+03 copies/mL  |  n_immune=   0  |  OK
  [t= 0.25d] V=5.804e+03 copies/mL  |  n_immune=   0  |  OK
  [t= 0.50d] V=2.248e+04 copies/mL  |  n_immune=   0  |  OK
  [t= 0.75d] V=8.676e+04 copies/mL  |  n_immune=   0  |  OK
  [t= 1.00d] V=3.290e+05 copies/mL  |  n_immune=   2  |  OK
  [t= 1.25d] V=1.172e+06 copies/mL  |  n_immune=   2  |  OK
  [t= 1.50d] V=3.451e+06 copies/mL  |  n_immune=   2  |  OK
  [t= 1.75d] V=6.856e+06 copies/mL  |  n_immune=   2  |  OK
  [t= 2.00d] V=8.905e+06 copies/mL  |  n_immune=   8  |  OK
  [t= 2.25d] V=9.041e+06 copies/mL  |  n_immune=   8  |  OK
  [t= 2.50d] V=8.283e+06 copies/mL  |  n_immune=   8  |  OK
  [t= 2.75d] V=7.291e+06 copies/mL  |  n_immune=   8  |  OK
  [t= 3.00d] V=6.311e+06 copies/mL  |  n_immune=  14  |  OK
  [t= 3.25d] V=5.422e+06 copies/mL  |  n_immune=  14  |  OK
  [t= 3.50d] V=4.644e+06 copies/mL  |  n_immune=  14  |  OK
  [t= 3.75d] V=3.973e+06 copies/mL  |  n_immune=  14  |  OK
  [t= 4.00d] V=3.396e+06 copies/mL  |  n_immune=  15  |  OK
  [t= 4.25d] V=2.902e+06 copies/mL  |  n_immune=  15  |  OK
  [t= 4.50d] V=2.479e+06 copies/mL  |  n_immune=  15  |  OK
  [t= 4.75d] V=2.118e+06 copies/mL  |  n_immune=  15  |  OK
  [t= 5.00d] V=1.810e+06 copies/mL  |  n_immune=  15  |  OK
  [t= 5.25d] V=1.546e+06 copies/mL  |  n_immune=  15  |  OK
  [t= 5.50d] V=1.321e+06 copies/mL  |  n_immune=  15  |  OK
  [t= 5.75d] V=1.128e+06 copies/mL  |  n_immune=  15  |  OK
  [t= 6.00d] V=9.634e+05 copies/mL  |  n_immune=  17  |  OK
  [t= 6.25d] V=8.224e+05 copies/mL  |  n_immune=  17  |  OK
  [t= 6.50d] V=7.020e+05 copies/mL  |  n_immune=  17  |  OK
  [t= 6.75d] V=5.991e+05 copies/mL  |  n_immune=  17  |  OK
  [t= 7.00d] V=5.109e+05 copies/mL  |  n_immune=  22  |  OK
  [t= 7.25d] V=4.352e+05 copies/mL  |  n_immune=  22  |  OK
  [t= 7.50d] V=3.706e+05 copies/mL  |  n_immune=  22  |  OK
  [t= 7.75d] V=3.155e+05 copies/mL  |  n_immune=  22  |  OK
  [t= 8.00d] V=2.683e+05 copies/mL  |  n_immune=  28  |  OK
  [t= 8.25d] V=2.279e+05 copies/mL  |  n_immune=  28  |  OK
  [t= 8.50d] V=1.935e+05 copies/mL  |  n_immune=  28  |  OK
  [t= 8.75d] V=1.643e+05 copies/mL  |  n_immune=  28  |  OK
  [t= 9.00d] V=1.394e+05 copies/mL  |  n_immune=  31  |  OK
  [t= 9.25d] V=1.182e+05 copies/mL  |  n_immune=  31  |  OK
  [t= 9.50d] V=1.002e+05 copies/mL  |  n_immune=  31  |  OK
  [t= 9.75d] V=8.488e+04 copies/mL  |  n_immune=  31  |  OK
  [t=10.00d] V=7.191e+04 copies/mL  |  n_immune=  33  |  OK
  [t=10.25d] V=6.090e+04 copies/mL  |  n_immune=  33  |  OK
  [t=10.50d] V=5.157e+04 copies/mL  |  n_immune=  33  |  OK
  [t=10.75d] V=4.366e+04 copies/mL  |  n_immune=  33  |  OK
  [t=11.00d] V=3.693e+04 copies/mL  |  n_immune=  38  |  OK
  [t=11.25d] V=3.121e+04 copies/mL  |  n_immune=  38  |  OK
  [t=11.50d] V=2.637e+04 copies/mL  |  n_immune=  38  |  OK
  [t=11.75d] V=2.227e+04 copies/mL  |  n_immune=  38  |  OK
  [t=12.00d] V=1.879e+04 copies/mL  |  n_immune=  44  |  OK
  [t=12.25d] V=1.583e+04 copies/mL  |  n_immune=  44  |  OK
  [t=12.50d] V=1.333e+04 copies/mL  |  n_immune=  44  |  OK
  [t=12.75d] V=1.123e+04 copies/mL  |  n_immune=  44  |  OK
  [t=13.00d] V=9.452e+03 copies/mL  |  n_immune=  46  |  OK
  [t=13.25d] V=7.953e+03 copies/mL  |  n_immune=  46  |  OK
  [t=13.50d] V=6.690e+03 copies/mL  |  n_immune=  46  |  OK
  [t=13.75d] V=5.628e+03 copies/mL  |  n_immune=  46  |  OK

[OISA] Done. 56 checkpoints in results/issl_14d_n20/r16

  r16 — 270s | peak V=9.04e+06 | V(day14)=5.63e+03 | max n_immune=46 | clearance=✓

============================================================
  REPLICATE 17  →  results/issl_14d_n20/r17
============================================================
[OISA] Starting 14-day influenza simulation
[OISA]   ODE:  Miao2010  (BIOMD0000000546, Δt=6h)
[OISA]   ABM:  Sego2020  (github@5b7e42c,  Δt=24h)
[OISA]   GSimT step: 6h  →  56 checkpoints

  [t= 0.00d] V=1.542e+03 copies/mL  |  n_immune=   0  |  OK
  [t= 0.25d] V=5.804e+03 copies/mL  |  n_immune=   0  |  OK
  [t= 0.50d] V=2.248e+04 copies/mL  |  n_immune=   0  |  OK
  [t= 0.75d] V=8.676e+04 copies/mL  |  n_immune=   0  |  OK
  [t= 1.00d] V=3.287e+05 copies/mL  |  n_immune=   6  |  OK
  [t= 1.25d] V=1.170e+06 copies/mL  |  n_immune=   6  |  OK
  [t= 1.50d] V=3.440e+06 copies/mL  |  n_immune=   6  |  OK
  [t= 1.75d] V=6.834e+06 copies/mL  |  n_immune=   6  |  OK
  [t= 2.00d] V=8.865e+06 copies/mL  |  n_immune=  17  |  OK
  [t= 2.25d] V=8.975e+06 copies/mL  |  n_immune=  17  |  OK
  [t= 2.50d] V=8.193e+06 copies/mL  |  n_immune=  17  |  OK
  [t= 2.75d] V=7.184e+06 copies/mL  |  n_immune=  17  |  OK
  [t= 3.00d] V=6.196e+06 copies/mL  |  n_immune=  19  |  OK
  [t= 3.25d] V=5.308e+06 copies/mL  |  n_immune=  19  |  OK
  [t= 3.50d] V=4.534e+06 copies/mL  |  n_immune=  19  |  OK
  [t= 3.75d] V=3.869e+06 copies/mL  |  n_immune=  19  |  OK
  [t= 4.00d] V=3.297e+06 copies/mL  |  n_immune=  24  |  OK
  [t= 4.25d] V=2.806e+06 copies/mL  |  n_immune=  24  |  OK
  [t= 4.50d] V=2.387e+06 copies/mL  |  n_immune=  24  |  OK
  [t= 4.75d] V=2.030e+06 copies/mL  |  n_immune=  24  |  OK
  [t= 5.00d] V=1.726e+06 copies/mL  |  n_immune=  25  |  OK
  [t= 5.25d] V=1.468e+06 copies/mL  |  n_immune=  25  |  OK
  [t= 5.50d] V=1.248e+06 copies/mL  |  n_immune=  25  |  OK
  [t= 5.75d] V=1.061e+06 copies/mL  |  n_immune=  25  |  OK
  [t= 6.00d] V=9.007e+05 copies/mL  |  n_immune=  30  |  OK
  [t= 6.25d] V=7.643e+05 copies/mL  |  n_immune=  30  |  OK
  [t= 6.50d] V=6.482e+05 copies/mL  |  n_immune=  30  |  OK
  [t= 6.75d] V=5.497e+05 copies/mL  |  n_immune=  30  |  OK
  [t= 7.00d] V=4.658e+05 copies/mL  |  n_immune=  34  |  OK
  [t= 7.25d] V=3.944e+05 copies/mL  |  n_immune=  34  |  OK
  [t= 7.50d] V=3.338e+05 copies/mL  |  n_immune=  34  |  OK
  [t= 7.75d] V=2.825e+05 copies/mL  |  n_immune=  34  |  OK
  [t= 8.00d] V=2.390e+05 copies/mL  |  n_immune=  34  |  OK
  [t= 8.25d] V=2.023e+05 copies/mL  |  n_immune=  34  |  OK
  [t= 8.50d] V=1.712e+05 copies/mL  |  n_immune=  34  |  OK
  [t= 8.75d] V=1.448e+05 copies/mL  |  n_immune=  34  |  OK
  [t= 9.00d] V=1.225e+05 copies/mL  |  n_immune=  39  |  OK
  [t= 9.25d] V=1.034e+05 copies/mL  |  n_immune=  39  |  OK
  [t= 9.50d] V=8.734e+04 copies/mL  |  n_immune=  39  |  OK
  [t= 9.75d] V=7.373e+04 copies/mL  |  n_immune=  39  |  OK
  [t=10.00d] V=6.218e+04 copies/mL  |  n_immune=  44  |  OK
  [t=10.25d] V=5.239e+04 copies/mL  |  n_immune=  44  |  OK
  [t=10.50d] V=4.413e+04 copies/mL  |  n_immune=  44  |  OK
  [t=10.75d] V=3.716e+04 copies/mL  |  n_immune=  44  |  OK
  [t=11.00d] V=3.129e+04 copies/mL  |  n_immune=  44  |  OK
  [t=11.25d] V=2.634e+04 copies/mL  |  n_immune=  44  |  OK
  [t=11.50d] V=2.218e+04 copies/mL  |  n_immune=  44  |  OK
  [t=11.75d] V=1.868e+04 copies/mL  |  n_immune=  44  |  OK
  [t=12.00d] V=1.570e+04 copies/mL  |  n_immune=  52  |  OK
  [t=12.25d] V=1.318e+04 copies/mL  |  n_immune=  52  |  OK
  [t=12.50d] V=1.106e+04 copies/mL  |  n_immune=  52  |  OK
  [t=12.75d] V=9.278e+03 copies/mL  |  n_immune=  52  |  OK
  [t=13.00d] V=7.776e+03 copies/mL  |  n_immune=  56  |  OK
  [t=13.25d] V=6.512e+03 copies/mL  |  n_immune=  56  |  OK
  [t=13.50d] V=5.452e+03 copies/mL  |  n_immune=  56  |  OK
  [t=13.75d] V=4.563e+03 copies/mL  |  n_immune=  56  |  OK

[OISA] Done. 56 checkpoints in results/issl_14d_n20/r17

  r17 — 268s | peak V=8.97e+06 | V(day14)=4.56e+03 | max n_immune=56 | clearance=✓

============================================================
  REPLICATE 18  →  results/issl_14d_n20/r18
============================================================
[OISA] Starting 14-day influenza simulation
[OISA]   ODE:  Miao2010  (BIOMD0000000546, Δt=6h)
[OISA]   ABM:  Sego2020  (github@5b7e42c,  Δt=24h)
[OISA]   GSimT step: 6h  →  56 checkpoints

  [t= 0.00d] V=1.542e+03 copies/mL  |  n_immune=   0  |  OK
  [t= 0.25d] V=5.804e+03 copies/mL  |  n_immune=   0  |  OK
  [t= 0.50d] V=2.248e+04 copies/mL  |  n_immune=   0  |  OK
  [t= 0.75d] V=8.676e+04 copies/mL  |  n_immune=   0  |  OK
  [t= 1.00d] V=3.288e+05 copies/mL  |  n_immune=   5  |  OK
  [t= 1.25d] V=1.170e+06 copies/mL  |  n_immune=   5  |  OK
  [t= 1.50d] V=3.443e+06 copies/mL  |  n_immune=   5  |  OK
  [t= 1.75d] V=6.839e+06 copies/mL  |  n_immune=   5  |  OK
  [t= 2.00d] V=8.876e+06 copies/mL  |  n_immune=  14  |  OK
  [t= 2.25d] V=8.995e+06 copies/mL  |  n_immune=  14  |  OK
  [t= 2.50d] V=8.222e+06 copies/mL  |  n_immune=  14  |  OK
  [t= 2.75d] V=7.218e+06 copies/mL  |  n_immune=  14  |  OK
  [t= 3.00d] V=6.235e+06 copies/mL  |  n_immune=  16  |  OK
  [t= 3.25d] V=5.348e+06 copies/mL  |  n_immune=  16  |  OK
  [t= 3.50d] V=4.576e+06 copies/mL  |  n_immune=  16  |  OK
  [t= 3.75d] V=3.910e+06 copies/mL  |  n_immune=  16  |  OK
  [t= 4.00d] V=3.338e+06 copies/mL  |  n_immune=  19  |  OK
  [t= 4.25d] V=2.847e+06 copies/mL  |  n_immune=  19  |  OK
  [t= 4.50d] V=2.428e+06 copies/mL  |  n_immune=  19  |  OK
  [t= 4.75d] V=2.070e+06 copies/mL  |  n_immune=  19  |  OK
  [t= 5.00d] V=1.764e+06 copies/mL  |  n_immune=  22  |  OK
  [t= 5.25d] V=1.503e+06 copies/mL  |  n_immune=  22  |  OK
  [t= 5.50d] V=1.279e+06 copies/mL  |  n_immune=  22  |  OK
  [t= 5.75d] V=1.089e+06 copies/mL  |  n_immune=  22  |  OK
  [t= 6.00d] V=9.266e+05 copies/mL  |  n_immune=  26  |  OK
  [t= 6.25d] V=7.876e+05 copies/mL  |  n_immune=  26  |  OK
  [t= 6.50d] V=6.693e+05 copies/mL  |  n_immune=  26  |  OK
  [t= 6.75d] V=5.687e+05 copies/mL  |  n_immune=  26  |  OK
  [t= 7.00d] V=4.830e+05 copies/mL  |  n_immune=  28  |  OK
  [t= 7.25d] V=4.101e+05 copies/mL  |  n_immune=  28  |  OK
  [t= 7.50d] V=3.481e+05 copies/mL  |  n_immune=  28  |  OK
  [t= 7.75d] V=2.955e+05 copies/mL  |  n_immune=  28  |  OK
  [t= 8.00d] V=2.506e+05 copies/mL  |  n_immune=  31  |  OK
  [t= 8.25d] V=2.125e+05 copies/mL  |  n_immune=  31  |  OK
  [t= 8.50d] V=1.801e+05 copies/mL  |  n_immune=  31  |  OK
  [t= 8.75d] V=1.527e+05 copies/mL  |  n_immune=  31  |  OK
  [t= 9.00d] V=1.293e+05 copies/mL  |  n_immune=  35  |  OK
  [t= 9.25d] V=1.094e+05 copies/mL  |  n_immune=  35  |  OK
  [t= 9.50d] V=9.256e+04 copies/mL  |  n_immune=  35  |  OK
  [t= 9.75d] V=7.829e+04 copies/mL  |  n_immune=  35  |  OK
  [t=10.00d] V=6.619e+04 copies/mL  |  n_immune=  38  |  OK
  [t=10.25d] V=5.592e+04 copies/mL  |  n_immune=  38  |  OK
  [t=10.50d] V=4.723e+04 copies/mL  |  n_immune=  38  |  OK
  [t=10.75d] V=3.989e+04 copies/mL  |  n_immune=  38  |  OK
  [t=11.00d] V=3.366e+04 copies/mL  |  n_immune=  43  |  OK
  [t=11.25d] V=2.838e+04 copies/mL  |  n_immune=  43  |  OK
  [t=11.50d] V=2.391e+04 copies/mL  |  n_immune=  43  |  OK
  [t=11.75d] V=2.014e+04 copies/mL  |  n_immune=  43  |  OK
  [t=12.00d] V=1.694e+04 copies/mL  |  n_immune=  52  |  OK
  [t=12.25d] V=1.423e+04 copies/mL  |  n_immune=  52  |  OK
  [t=12.50d] V=1.194e+04 copies/mL  |  n_immune=  52  |  OK
  [t=12.75d] V=1.001e+04 copies/mL  |  n_immune=  52  |  OK
  [t=13.00d] V=8.390e+03 copies/mL  |  n_immune=  58  |  OK
  [t=13.25d] V=7.021e+03 copies/mL  |  n_immune=  58  |  OK
  [t=13.50d] V=5.872e+03 copies/mL  |  n_immune=  58  |  OK
  [t=13.75d] V=4.911e+03 copies/mL  |  n_immune=  58  |  OK

[OISA] Done. 56 checkpoints in results/issl_14d_n20/r18

  r18 — 270s | peak V=9.00e+06 | V(day14)=4.91e+03 | max n_immune=58 | clearance=✓

============================================================
  REPLICATE 19  →  results/issl_14d_n20/r19
============================================================
[OISA] Starting 14-day influenza simulation
[OISA]   ODE:  Miao2010  (BIOMD0000000546, Δt=6h)
[OISA]   ABM:  Sego2020  (github@5b7e42c,  Δt=24h)
[OISA]   GSimT step: 6h  →  56 checkpoints

  [t= 0.00d] V=1.542e+03 copies/mL  |  n_immune=   0  |  OK
  [t= 0.25d] V=5.804e+03 copies/mL  |  n_immune=   0  |  OK
  [t= 0.50d] V=2.248e+04 copies/mL  |  n_immune=   0  |  OK
  [t= 0.75d] V=8.676e+04 copies/mL  |  n_immune=   0  |  OK
  [t= 1.00d] V=3.287e+05 copies/mL  |  n_immune=   6  |  OK
  [t= 1.25d] V=1.170e+06 copies/mL  |  n_immune=   6  |  OK
  [t= 1.50d] V=3.440e+06 copies/mL  |  n_immune=   6  |  OK
  [t= 1.75d] V=6.834e+06 copies/mL  |  n_immune=   6  |  OK
  [t= 2.00d] V=8.870e+06 copies/mL  |  n_immune=  14  |  OK
  [t= 2.25d] V=8.990e+06 copies/mL  |  n_immune=  14  |  OK
  [t= 2.50d] V=8.218e+06 copies/mL  |  n_immune=  14  |  OK
  [t= 2.75d] V=7.215e+06 copies/mL  |  n_immune=  14  |  OK
  [t= 3.00d] V=6.226e+06 copies/mL  |  n_immune=  21  |  OK
  [t= 3.25d] V=5.332e+06 copies/mL  |  n_immune=  21  |  OK
  [t= 3.50d] V=4.551e+06 copies/mL  |  n_immune=  21  |  OK
  [t= 3.75d] V=3.880e+06 copies/mL  |  n_immune=  21  |  OK
  [t= 4.00d] V=3.305e+06 copies/mL  |  n_immune=  22  |  OK
  [t= 4.25d] V=2.814e+06 copies/mL  |  n_immune=  22  |  OK
  [t= 4.50d] V=2.396e+06 copies/mL  |  n_immune=  22  |  OK
  [t= 4.75d] V=2.040e+06 copies/mL  |  n_immune=  22  |  OK
  [t= 5.00d] V=1.735e+06 copies/mL  |  n_immune=  27  |  OK
  [t= 5.25d] V=1.474e+06 copies/mL  |  n_immune=  27  |  OK
  [t= 5.50d] V=1.252e+06 copies/mL  |  n_immune=  27  |  OK
  [t= 5.75d] V=1.064e+06 copies/mL  |  n_immune=  27  |  OK
  [t= 6.00d] V=9.028e+05 copies/mL  |  n_immune=  30  |  OK
  [t= 6.25d] V=7.658e+05 copies/mL  |  n_immune=  30  |  OK
  [t= 6.50d] V=6.495e+05 copies/mL  |  n_immune=  30  |  OK
  [t= 6.75d] V=5.507e+05 copies/mL  |  n_immune=  30  |  OK
  [t= 7.00d] V=4.664e+05 copies/mL  |  n_immune=  37  |  OK
  [t= 7.25d] V=3.945e+05 copies/mL  |  n_immune=  37  |  OK
  [t= 7.50d] V=3.334e+05 copies/mL  |  n_immune=  37  |  OK
  [t= 7.75d] V=2.818e+05 copies/mL  |  n_immune=  37  |  OK
  [t= 8.00d] V=2.379e+05 copies/mL  |  n_immune=  42  |  OK
  [t= 8.25d] V=2.006e+05 copies/mL  |  n_immune=  42  |  OK
  [t= 8.50d] V=1.692e+05 copies/mL  |  n_immune=  42  |  OK
  [t= 8.75d] V=1.426e+05 copies/mL  |  n_immune=  42  |  OK
  [t= 9.00d] V=1.201e+05 copies/mL  |  n_immune=  45  |  OK
  [t= 9.25d] V=1.011e+05 copies/mL  |  n_immune=  45  |  OK
  [t= 9.50d] V=8.512e+04 copies/mL  |  n_immune=  45  |  OK
  [t= 9.75d] V=7.164e+04 copies/mL  |  n_immune=  45  |  OK
  [t=10.00d] V=6.027e+04 copies/mL  |  n_immune=  47  |  OK
  [t=10.25d] V=5.069e+04 copies/mL  |  n_immune=  47  |  OK
  [t=10.50d] V=4.262e+04 copies/mL  |  n_immune=  47  |  OK
  [t=10.75d] V=3.583e+04 copies/mL  |  n_immune=  47  |  OK
  [t=11.00d] V=3.012e+04 copies/mL  |  n_immune=  48  |  OK
  [t=11.25d] V=2.531e+04 copies/mL  |  n_immune=  48  |  OK
  [t=11.50d] V=2.127e+04 copies/mL  |  n_immune=  48  |  OK
  [t=11.75d] V=1.787e+04 copies/mL  |  n_immune=  48  |  OK
  [t=12.00d] V=1.501e+04 copies/mL  |  n_immune=  52  |  OK
  [t=12.25d] V=1.259e+04 copies/mL  |  n_immune=  52  |  OK
  [t=12.50d] V=1.056e+04 copies/mL  |  n_immune=  52  |  OK
  [t=12.75d] V=8.860e+03 copies/mL  |  n_immune=  52  |  OK
  [t=13.00d] V=7.422e+03 copies/mL  |  n_immune=  59  |  OK
  [t=13.25d] V=6.209e+03 copies/mL  |  n_immune=  59  |  OK
  [t=13.50d] V=5.191e+03 copies/mL  |  n_immune=  59  |  OK
  [t=13.75d] V=4.339e+03 copies/mL  |  n_immune=  59  |  OK

[OISA] Done. 56 checkpoints in results/issl_14d_n20/r19

  r19 — 269s | peak V=8.99e+06 | V(day14)=4.34e+03 | max n_immune=59 | clearance=✓

============================================================
  REPLICATE 20  →  results/issl_14d_n20/r20
============================================================
[OISA] Starting 14-day influenza simulation
[OISA]   ODE:  Miao2010  (BIOMD0000000546, Δt=6h)
[OISA]   ABM:  Sego2020  (github@5b7e42c,  Δt=24h)
[OISA]   GSimT step: 6h  →  56 checkpoints

  [t= 0.00d] V=1.542e+03 copies/mL  |  n_immune=   0  |  OK
  [t= 0.25d] V=5.804e+03 copies/mL  |  n_immune=   0  |  OK
  [t= 0.50d] V=2.248e+04 copies/mL  |  n_immune=   0  |  OK
  [t= 0.75d] V=8.676e+04 copies/mL  |  n_immune=   0  |  OK
  [t= 1.00d] V=3.287e+05 copies/mL  |  n_immune=   6  |  OK
  [t= 1.25d] V=1.170e+06 copies/mL  |  n_immune=   6  |  OK
  [t= 1.50d] V=3.440e+06 copies/mL  |  n_immune=   6  |  OK
  [t= 1.75d] V=6.834e+06 copies/mL  |  n_immune=   6  |  OK
  [t= 2.00d] V=8.877e+06 copies/mL  |  n_immune=  10  |  OK
  [t= 2.25d] V=9.010e+06 copies/mL  |  n_immune=  10  |  OK
  [t= 2.50d] V=8.250e+06 copies/mL  |  n_immune=  10  |  OK
  [t= 2.75d] V=7.256e+06 copies/mL  |  n_immune=  10  |  OK
  [t= 3.00d] V=6.280e+06 copies/mL  |  n_immune=  12  |  OK
  [t= 3.25d] V=5.398e+06 copies/mL  |  n_immune=  12  |  OK
  [t= 3.50d] V=4.627e+06 copies/mL  |  n_immune=  12  |  OK
  [t= 3.75d] V=3.962e+06 copies/mL  |  n_immune=  12  |  OK
  [t= 4.00d] V=3.387e+06 copies/mL  |  n_immune=  18  |  OK
  [t= 4.25d] V=2.892e+06 copies/mL  |  n_immune=  18  |  OK
  [t= 4.50d] V=2.468e+06 copies/mL  |  n_immune=  18  |  OK
  [t= 4.75d] V=2.105e+06 copies/mL  |  n_immune=  18  |  OK
  [t= 5.00d] V=1.794e+06 copies/mL  |  n_immune=  23  |  OK
  [t= 5.25d] V=1.528e+06 copies/mL  |  n_immune=  23  |  OK
  [t= 5.50d] V=1.300e+06 copies/mL  |  n_immune=  23  |  OK
  [t= 5.75d] V=1.107e+06 copies/mL  |  n_immune=  23  |  OK
  [t= 6.00d] V=9.411e+05 copies/mL  |  n_immune=  26  |  OK
  [t= 6.25d] V=7.999e+05 copies/mL  |  n_immune=  26  |  OK
  [t= 6.50d] V=6.797e+05 copies/mL  |  n_immune=  26  |  OK
  [t= 6.75d] V=5.775e+05 copies/mL  |  n_immune=  26  |  OK
  [t= 7.00d] V=4.904e+05 copies/mL  |  n_immune=  29  |  OK
  [t= 7.25d] V=4.162e+05 copies/mL  |  n_immune=  29  |  OK
  [t= 7.50d] V=3.531e+05 copies/mL  |  n_immune=  29  |  OK
  [t= 7.75d] V=2.996e+05 copies/mL  |  n_immune=  29  |  OK
  [t= 8.00d] V=2.540e+05 copies/mL  |  n_immune=  32  |  OK
  [t= 8.25d] V=2.153e+05 copies/mL  |  n_immune=  32  |  OK
  [t= 8.50d] V=1.824e+05 copies/mL  |  n_immune=  32  |  OK
  [t= 8.75d] V=1.545e+05 copies/mL  |  n_immune=  32  |  OK
  [t= 9.00d] V=1.308e+05 copies/mL  |  n_immune=  35  |  OK
  [t= 9.25d] V=1.107e+05 copies/mL  |  n_immune=  35  |  OK
  [t= 9.50d] V=9.362e+04 copies/mL  |  n_immune=  35  |  OK
  [t= 9.75d] V=7.919e+04 copies/mL  |  n_immune=  35  |  OK
  [t=10.00d] V=6.692e+04 copies/mL  |  n_immune=  40  |  OK
  [t=10.25d] V=5.650e+04 copies/mL  |  n_immune=  40  |  OK
  [t=10.50d] V=4.768e+04 copies/mL  |  n_immune=  40  |  OK
  [t=10.75d] V=4.023e+04 copies/mL  |  n_immune=  40  |  OK
  [t=11.00d] V=3.391e+04 copies/mL  |  n_immune=  46  |  OK
  [t=11.25d] V=2.854e+04 copies/mL  |  n_immune=  46  |  OK
  [t=11.50d] V=2.402e+04 copies/mL  |  n_immune=  46  |  OK
  [t=11.75d] V=2.021e+04 copies/mL  |  n_immune=  46  |  OK
  [t=12.00d] V=1.698e+04 copies/mL  |  n_immune=  51  |  OK
  [t=12.25d] V=1.426e+04 copies/mL  |  n_immune=  51  |  OK
  [t=12.50d] V=1.197e+04 copies/mL  |  n_immune=  51  |  OK
  [t=12.75d] V=1.004e+04 copies/mL  |  n_immune=  51  |  OK
  [t=13.00d] V=8.415e+03 copies/mL  |  n_immune=  59  |  OK
  [t=13.25d] V=7.040e+03 copies/mL  |  n_immune=  59  |  OK
  [t=13.50d] V=5.886e+03 copies/mL  |  n_immune=  59  |  OK
  [t=13.75d] V=4.920e+03 copies/mL  |  n_immune=  59  |  OK

[OISA] Done. 56 checkpoints in results/issl_14d_n20/r20

  r20 — 272s | peak V=9.01e+06 | V(day14)=4.92e+03 | max n_immune=59 | clearance=✓

============================================================
  All 20 replicates complete in 89.4 min
  Output: results/issl_14d_n20
============================================================
