This is pdfTeX, Version 3.141592653-2.6-1.40.25 (TeX Live 2023/Debian) (preloaded format=pdflatex 2026.4.17)  17 APR 2026 16:37
entering extended mode
 restricted \write18 enabled.
 %&-line parsing enabled.
**main.tex
(./main.tex
LaTeX2e <2023-11-01> patch level 1
L3 programming layer <2024-01-22>
(./IEEEtran.cls
Document Class: IEEEtran 2015/08/26 V1.8b by Michael Shell
-- See the "IEEEtran_HOWTO" manual for usage information.
-- http://www.michaelshell.org/tex/ieeetran/
\@IEEEtrantmpdimenA=\dimen140
\@IEEEtrantmpdimenB=\dimen141
\@IEEEtrantmpdimenC=\dimen142
\@IEEEtrantmpcountA=\count187
\@IEEEtrantmpcountB=\count188
\@IEEEtrantmpcountC=\count189
\@IEEEtrantmptoksA=\toks17
LaTeX Font Info:    Trying to load font information for OT1+ptm on input line 5
03.
(/usr/share/texlive/texmf-dist/tex/latex/psnfss/ot1ptm.fd
File: ot1ptm.fd 2001/06/04 font definitions for OT1/ptm.
)
-- Using 8.5in x 11in (letter) paper.
-- Using PDF output.
\@IEEEnormalsizeunitybaselineskip=\dimen143
-- This is a 10 point document.
\CLASSINFOnormalsizebaselineskip=\dimen144
\CLASSINFOnormalsizeunitybaselineskip=\dimen145
\IEEEnormaljot=\dimen146
LaTeX Font Info:    Font shape `OT1/ptm/bx/n' in size <5> not available
(Font)              Font shape `OT1/ptm/b/n' tried instead on input line 1090.
LaTeX Font Info:    Font shape `OT1/ptm/bx/it' in size <5> not available
(Font)              Font shape `OT1/ptm/b/it' tried instead on input line 1090.

LaTeX Font Info:    Font shape `OT1/ptm/bx/n' in size <7> not available
(Font)              Font shape `OT1/ptm/b/n' tried instead on input line 1090.
LaTeX Font Info:    Font shape `OT1/ptm/bx/it' in size <7> not available
(Font)              Font shape `OT1/ptm/b/it' tried instead on input line 1090.

LaTeX Font Info:    Font shape `OT1/ptm/bx/n' in size <8> not available
(Font)              Font shape `OT1/ptm/b/n' tried instead on input line 1090.
LaTeX Font Info:    Font shape `OT1/ptm/bx/it' in size <8> not available
(Font)              Font shape `OT1/ptm/b/it' tried instead on input line 1090.

LaTeX Font Info:    Font shape `OT1/ptm/bx/n' in size <9> not available
(Font)              Font shape `OT1/ptm/b/n' tried instead on input line 1090.
LaTeX Font Info:    Font shape `OT1/ptm/bx/it' in size <9> not available
(Font)              Font shape `OT1/ptm/b/it' tried instead on input line 1090.

LaTeX Font Info:    Font shape `OT1/ptm/bx/n' in size <10> not available
(Font)              Font shape `OT1/ptm/b/n' tried instead on input line 1090.
LaTeX Font Info:    Font shape `OT1/ptm/bx/it' in size <10> not available
(Font)              Font shape `OT1/ptm/b/it' tried instead on input line 1090.

LaTeX Font Info:    Font shape `OT1/ptm/bx/n' in size <11> not available
(Font)              Font shape `OT1/ptm/b/n' tried instead on input line 1090.
LaTeX Font Info:    Font shape `OT1/ptm/bx/it' in size <11> not available
(Font)              Font shape `OT1/ptm/b/it' tried instead on input line 1090.

LaTeX Font Info:    Font shape `OT1/ptm/bx/n' in size <12> not available
(Font)              Font shape `OT1/ptm/b/n' tried instead on input line 1090.
LaTeX Font Info:    Font shape `OT1/ptm/bx/it' in size <12> not available
(Font)              Font shape `OT1/ptm/b/it' tried instead on input line 1090.

LaTeX Font Info:    Font shape `OT1/ptm/bx/n' in size <17> not available
(Font)              Font shape `OT1/ptm/b/n' tried instead on input line 1090.
LaTeX Font Info:    Font shape `OT1/ptm/bx/it' in size <17> not available
(Font)              Font shape `OT1/ptm/b/it' tried instead on input line 1090.

LaTeX Font Info:    Font shape `OT1/ptm/bx/n' in size <20> not available
(Font)              Font shape `OT1/ptm/b/n' tried instead on input line 1090.
LaTeX Font Info:    Font shape `OT1/ptm/bx/it' in size <20> not available
(Font)              Font shape `OT1/ptm/b/it' tried instead on input line 1090.

LaTeX Font Info:    Font shape `OT1/ptm/bx/n' in size <24> not available
(Font)              Font shape `OT1/ptm/b/n' tried instead on input line 1090.
LaTeX Font Info:    Font shape `OT1/ptm/bx/it' in size <24> not available
(Font)              Font shape `OT1/ptm/b/it' tried instead on input line 1090.

\IEEEquantizedlength=\dimen147
\IEEEquantizedlengthdiff=\dimen148
\IEEEquantizedtextheightdiff=\dimen149
\IEEEilabelindentA=\dimen150
\IEEEilabelindentB=\dimen151
\IEEEilabelindent=\dimen152
\IEEEelabelindent=\dimen153
\IEEEdlabelindent=\dimen154
\IEEElabelindent=\dimen155
\IEEEiednormlabelsep=\dimen156
\IEEEiedmathlabelsep=\dimen157
\IEEEiedtopsep=\skip48
\c@section=\count190
\c@subsection=\count191
\c@subsubsection=\count192
\c@paragraph=\count193
\c@IEEEsubequation=\count194
\abovecaptionskip=\skip49
\belowcaptionskip=\skip50
\c@figure=\count195
\c@table=\count196
\@IEEEeqnnumcols=\count197
\@IEEEeqncolcnt=\count198
\@IEEEsubeqnnumrollback=\count199
\@IEEEquantizeheightA=\dimen158
\@IEEEquantizeheightB=\dimen159
\@IEEEquantizeheightC=\dimen160
\@IEEEquantizeprevdepth=\dimen161
\@IEEEquantizemultiple=\count266
\@IEEEquantizeboxA=\box51
\@IEEEtmpitemindent=\dimen162
\IEEEPARstartletwidth=\dimen163
\c@IEEEbiography=\count267
\@IEEEtranrubishbin=\box52
)
** ATTENTION: Overriding command lockouts (line 6).
(/usr/share/texlive/texmf-dist/tex/latex/base/fontenc.sty
Package: fontenc 2021/04/29 v2.0v Standard LaTeX package
LaTeX Font Info:    Trying to load font information for T1+ptm on input line 11
2.

(/usr/share/texlive/texmf-dist/tex/latex/psnfss/t1ptm.fd
File: t1ptm.fd 2001/06/04 font definitions for T1/ptm.
))
(/usr/share/texlive/texmf-dist/tex/latex/base/inputenc.sty
Package: inputenc 2021/02/14 v1.3d Input encoding file
\inpenc@prehook=\toks18
\inpenc@posthook=\toks19
)
(/usr/share/texlive/texmf-dist/tex/latex/base/textcomp.sty
Package: textcomp 2020/02/02 v2.0n Standard LaTeX package
)
(/usr/share/texlive/texmf-dist/tex/latex/amsmath/amsmath.sty
Package: amsmath 2023/05/13 v2.17o AMS math features
\@mathmargin=\skip51

For additional information on amsmath, use the `?' option.
(/usr/share/texlive/texmf-dist/tex/latex/amsmath/amstext.sty
Package: amstext 2021/08/26 v2.01 AMS text

(/usr/share/texlive/texmf-dist/tex/latex/amsmath/amsgen.sty
File: amsgen.sty 1999/11/30 v2.0 generic functions
\@emptytoks=\toks20
\ex@=\dimen164
))
(/usr/share/texlive/texmf-dist/tex/latex/amsmath/amsbsy.sty
Package: amsbsy 1999/11/29 v1.2d Bold Symbols
\pmbraise@=\dimen165
)
(/usr/share/texlive/texmf-dist/tex/latex/amsmath/amsopn.sty
Package: amsopn 2022/04/08 v2.04 operator names
)
\inf@bad=\count268
LaTeX Info: Redefining \frac on input line 234.
\uproot@=\count269
\leftroot@=\count270
LaTeX Info: Redefining \overline on input line 399.
LaTeX Info: Redefining \colon on input line 410.
\classnum@=\count271
\DOTSCASE@=\count272
LaTeX Info: Redefining \ldots on input line 496.
LaTeX Info: Redefining \dots on input line 499.
LaTeX Info: Redefining \cdots on input line 620.
\Mathstrutbox@=\box53
\strutbox@=\box54
LaTeX Info: Redefining \big on input line 722.
LaTeX Info: Redefining \Big on input line 723.
LaTeX Info: Redefining \bigg on input line 724.
LaTeX Info: Redefining \Bigg on input line 725.
\big@size=\dimen166
LaTeX Font Info:    Redeclaring font encoding OML on input line 743.
LaTeX Font Info:    Redeclaring font encoding OMS on input line 744.
\macc@depth=\count273
LaTeX Info: Redefining \bmod on input line 905.
LaTeX Info: Redefining \pmod on input line 910.
LaTeX Info: Redefining \smash on input line 940.
LaTeX Info: Redefining \relbar on input line 970.
LaTeX Info: Redefining \Relbar on input line 971.
\c@MaxMatrixCols=\count274
\dotsspace@=\muskip16
\c@parentequation=\count275
\dspbrk@lvl=\count276
\tag@help=\toks21
\row@=\count277
\column@=\count278
\maxfields@=\count279
\andhelp@=\toks22
\eqnshift@=\dimen167
\alignsep@=\dimen168
\tagshift@=\dimen169
\tagwidth@=\dimen170
\totwidth@=\dimen171
\lineht@=\dimen172
\@envbody=\toks23
\multlinegap=\skip52
\multlinetaggap=\skip53
\mathdisplay@stack=\toks24
LaTeX Info: Redefining \[ on input line 2953.
LaTeX Info: Redefining \] on input line 2954.
)
(/usr/share/texlive/texmf-dist/tex/latex/amsfonts/amssymb.sty
Package: amssymb 2013/01/14 v3.01 AMS font symbols

(/usr/share/texlive/texmf-dist/tex/latex/amsfonts/amsfonts.sty
Package: amsfonts 2013/01/14 v3.01 Basic AMSFonts support
\symAMSa=\mathgroup4
\symAMSb=\mathgroup5
LaTeX Font Info:    Redeclaring math symbol \hbar on input line 98.
LaTeX Font Info:    Overwriting math alphabet `\mathfrak' in version `bold'
(Font)                  U/euf/m/n --> U/euf/b/n on input line 106.
))
(/usr/share/texlive/texmf-dist/tex/latex/graphics/graphicx.sty
Package: graphicx 2021/09/16 v1.2d Enhanced LaTeX Graphics (DPC,SPQR)

(/usr/share/texlive/texmf-dist/tex/latex/graphics/keyval.sty
Package: keyval 2022/05/29 v1.15 key=value parser (DPC)
\KV@toks@=\toks25
)
(/usr/share/texlive/texmf-dist/tex/latex/graphics/graphics.sty
Package: graphics 2022/03/10 v1.4e Standard LaTeX Graphics (DPC,SPQR)

(/usr/share/texlive/texmf-dist/tex/latex/graphics/trig.sty
Package: trig 2021/08/11 v1.11 sin cos tan (DPC)
)
(/usr/share/texlive/texmf-dist/tex/latex/graphics-cfg/graphics.cfg
File: graphics.cfg 2016/06/04 v1.11 sample graphics configuration
)
Package graphics Info: Driver file: pdftex.def on input line 107.

(/usr/share/texlive/texmf-dist/tex/latex/graphics-def/pdftex.def
File: pdftex.def 2022/09/22 v1.2b Graphics/color driver for pdftex
))
\Gin@req@height=\dimen173
\Gin@req@width=\dimen174
)
(/usr/share/texlive/texmf-dist/tex/latex/booktabs/booktabs.sty
Package: booktabs 2020/01/12 v1.61803398 Publication quality tables
\heavyrulewidth=\dimen175
\lightrulewidth=\dimen176
\cmidrulewidth=\dimen177
\belowrulesep=\dimen178
\belowbottomsep=\dimen179
\aboverulesep=\dimen180
\abovetopsep=\dimen181
\cmidrulesep=\dimen182
\cmidrulekern=\dimen183
\defaultaddspace=\dimen184
\@cmidla=\count280
\@cmidlb=\count281
\@aboverulesep=\dimen185
\@belowrulesep=\dimen186
\@thisruleclass=\count282
\@lastruleclass=\count283
\@thisrulewidth=\dimen187
)
(/usr/share/texlive/texmf-dist/tex/latex/tools/array.sty
Package: array 2023/10/16 v2.5g Tabular extension package (FMi)
\col@sep=\dimen188
\ar@mcellbox=\box55
\extrarowheight=\dimen189
\NC@list=\toks26
\extratabsurround=\skip54
\backup@length=\skip55
\ar@cellbox=\box56
)
(/usr/share/texlive/texmf-dist/tex/latex/tools/tabularx.sty
Package: tabularx 2023/07/08 v2.11c `tabularx' package (DPC)
\TX@col@width=\dimen190
\TX@old@table=\dimen191
\TX@old@col=\dimen192
\TX@target=\dimen193
\TX@delta=\dimen194
\TX@cols=\count284
\TX@ftn=\toks27
)
(/usr/share/texlive/texmf-dist/tex/latex/multirow/multirow.sty
Package: multirow 2021/03/15 v2.8 Span multiple rows of a table
\multirow@colwidth=\skip56
\multirow@cntb=\count285
\multirow@dima=\skip57
\bigstrutjot=\dimen195
)
(/usr/share/texlive/texmf-dist/tex/latex/makecell/makecell.sty
Package: makecell 2009/08/03 V0.1e Managing of Tab Column Heads and Cells
\rotheadsize=\dimen196
\c@nlinenum=\count286
\TeXr@lab=\toks28
)
(/usr/share/texlive/texmf-dist/tex/latex/listings/listings.sty
\lst@mode=\count287
\lst@gtempboxa=\box57
\lst@token=\toks29
\lst@length=\count288
\lst@currlwidth=\dimen197
\lst@column=\count289
\lst@pos=\count290
\lst@lostspace=\dimen198
\lst@width=\dimen199
\lst@newlines=\count291
\lst@lineno=\count292
\lst@maxwidth=\dimen256

(/usr/share/texlive/texmf-dist/tex/latex/listings/lstmisc.sty
File: lstmisc.sty 2023/02/27 1.9 (Carsten Heinz)
\c@lstnumber=\count293
\lst@skipnumbers=\count294
\lst@framebox=\box58
)
(/usr/share/texlive/texmf-dist/tex/latex/listings/listings.cfg
File: listings.cfg 2023/02/27 1.9 listings configuration
))
Package: listings 2023/02/27 1.9 (Carsten Heinz)

(/usr/share/texlive/texmf-dist/tex/latex/xcolor/xcolor.sty
Package: xcolor 2023/11/15 v3.01 LaTeX color extensions (UK)

(/usr/share/texlive/texmf-dist/tex/latex/graphics-cfg/color.cfg
File: color.cfg 2016/01/02 v1.6 sample color configuration
)
Package xcolor Info: Driver file: pdftex.def on input line 274.

(/usr/share/texlive/texmf-dist/tex/latex/graphics/mathcolor.ltx)
Package xcolor Info: Model `cmy' substituted by `cmy0' on input line 1350.
Package xcolor Info: Model `hsb' substituted by `rgb' on input line 1354.
Package xcolor Info: Model `RGB' extended on input line 1366.
Package xcolor Info: Model `HTML' substituted by `rgb' on input line 1368.
Package xcolor Info: Model `Hsb' substituted by `hsb' on input line 1369.
Package xcolor Info: Model `tHsb' substituted by `hsb' on input line 1370.
Package xcolor Info: Model `HSB' substituted by `hsb' on input line 1371.
Package xcolor Info: Model `Gray' substituted by `gray' on input line 1372.
Package xcolor Info: Model `wave' substituted by `hsb' on input line 1373.
)
(/usr/share/texlive/texmf-dist/tex/latex/url/url.sty
\Urlmuskip=\muskip17
Package: url 2013/09/16  ver 3.4  Verb mode for urls, etc.
)
(/usr/share/texlive/texmf-dist/tex/latex/hyperref/hyperref.sty
Package: hyperref 2024-01-20 v7.01h Hypertext links for LaTeX

(/usr/share/texlive/texmf-dist/tex/generic/iftex/iftex.sty
Package: iftex 2022/02/03 v1.0f TeX engine tests
)
(/usr/share/texlive/texmf-dist/tex/latex/kvsetkeys/kvsetkeys.sty
Package: kvsetkeys 2022-10-05 v1.19 Key value parser (HO)
)
(/usr/share/texlive/texmf-dist/tex/generic/kvdefinekeys/kvdefinekeys.sty
Package: kvdefinekeys 2019-12-19 v1.6 Define keys (HO)
)
(/usr/share/texlive/texmf-dist/tex/generic/pdfescape/pdfescape.sty
Package: pdfescape 2019/12/09 v1.15 Implements pdfTeX's escape features (HO)

(/usr/share/texlive/texmf-dist/tex/generic/ltxcmds/ltxcmds.sty
Package: ltxcmds 2023-12-04 v1.26 LaTeX kernel commands for general use (HO)
)
(/usr/share/texlive/texmf-dist/tex/generic/pdftexcmds/pdftexcmds.sty
Package: pdftexcmds 2020-06-27 v0.33 Utility functions of pdfTeX for LuaTeX (HO
)

(/usr/share/texlive/texmf-dist/tex/generic/infwarerr/infwarerr.sty
Package: infwarerr 2019/12/03 v1.5 Providing info/warning/error messages (HO)
)
Package pdftexcmds Info: \pdf@primitive is available.
Package pdftexcmds Info: \pdf@ifprimitive is available.
Package pdftexcmds Info: \pdfdraftmode found.
))
(/usr/share/texlive/texmf-dist/tex/latex/hycolor/hycolor.sty
Package: hycolor 2020-01-27 v1.10 Color options for hyperref/bookmark (HO)
)
(/usr/share/texlive/texmf-dist/tex/latex/auxhook/auxhook.sty
Package: auxhook 2019-12-17 v1.6 Hooks for auxiliary files (HO)
)
(/usr/share/texlive/texmf-dist/tex/latex/hyperref/nameref.sty
Package: nameref 2023-11-26 v2.56 Cross-referencing by name of section

(/usr/share/texlive/texmf-dist/tex/latex/refcount/refcount.sty
Package: refcount 2019/12/15 v3.6 Data extraction from label references (HO)
)
(/usr/share/texlive/texmf-dist/tex/generic/gettitlestring/gettitlestring.sty
Package: gettitlestring 2019/12/15 v1.6 Cleanup title references (HO)

(/usr/share/texlive/texmf-dist/tex/latex/kvoptions/kvoptions.sty
Package: kvoptions 2022-06-15 v3.15 Key value format for package options (HO)
))
\c@section@level=\count295
)
(/usr/share/texlive/texmf-dist/tex/latex/etoolbox/etoolbox.sty
Package: etoolbox 2020/10/05 v2.5k e-TeX tools for LaTeX (JAW)
\etb@tempcnta=\count296
)
\@linkdim=\dimen257
\Hy@linkcounter=\count297
\Hy@pagecounter=\count298

(/usr/share/texlive/texmf-dist/tex/latex/hyperref/pd1enc.def
File: pd1enc.def 2024-01-20 v7.01h Hyperref: PDFDocEncoding definition (HO)
Now handling font encoding PD1 ...
... no UTF-8 mapping file for font encoding PD1
)
(/usr/share/texlive/texmf-dist/tex/generic/intcalc/intcalc.sty
Package: intcalc 2019/12/15 v1.3 Expandable calculations with integers (HO)
)
\Hy@SavedSpaceFactor=\count299

(/usr/share/texlive/texmf-dist/tex/latex/hyperref/puenc.def
File: puenc.def 2024-01-20 v7.01h Hyperref: PDF Unicode definition (HO)
Now handling font encoding PU ...
... no UTF-8 mapping file for font encoding PU
)
Package hyperref Info: Hyper figures OFF on input line 4179.
Package hyperref Info: Link nesting OFF on input line 4184.
Package hyperref Info: Hyper index ON on input line 4187.
Package hyperref Info: Plain pages OFF on input line 4194.
Package hyperref Info: Backreferencing OFF on input line 4199.
Package hyperref Info: Implicit mode ON; LaTeX internals redefined.
Package hyperref Info: Bookmarks ON on input line 4446.
\c@Hy@tempcnt=\count300
LaTeX Info: Redefining \url on input line 4784.
\XeTeXLinkMargin=\dimen258

(/usr/share/texlive/texmf-dist/tex/generic/bitset/bitset.sty
Package: bitset 2019/12/09 v1.3 Handle bit-vector datatype (HO)

(/usr/share/texlive/texmf-dist/tex/generic/bigintcalc/bigintcalc.sty
Package: bigintcalc 2019/12/15 v1.5 Expandable calculations on big integers (HO
)
))
\Fld@menulength=\count301
\Field@Width=\dimen259
\Fld@charsize=\dimen260
Package hyperref Info: Hyper figures OFF on input line 6063.
Package hyperref Info: Link nesting OFF on input line 6068.
Package hyperref Info: Hyper index ON on input line 6071.
Package hyperref Info: backreferencing OFF on input line 6078.
Package hyperref Info: Link coloring OFF on input line 6083.
Package hyperref Info: Link coloring with OCG OFF on input line 6088.
Package hyperref Info: PDF/A mode OFF on input line 6093.

(/usr/share/texlive/texmf-dist/tex/latex/base/atbegshi-ltx.sty
Package: atbegshi-ltx 2021/01/10 v1.0c Emulation of the original atbegshi
package with kernel methods
)
\Hy@abspage=\count302
\c@Item=\count303
\c@Hfootnote=\count304
)
Package hyperref Info: Driver (autodetected): hpdftex.

(/usr/share/texlive/texmf-dist/tex/latex/hyperref/hpdftex.def
File: hpdftex.def 2024-01-20 v7.01h Hyperref driver for pdfTeX

(/usr/share/texlive/texmf-dist/tex/latex/base/atveryend-ltx.sty
Package: atveryend-ltx 2020/08/19 v1.0a Emulation of the original atveryend pac
kage
with kernel methods
)
\Fld@listcount=\count305
\c@bookmark@seq@number=\count306

(/usr/share/texlive/texmf-dist/tex/latex/rerunfilecheck/rerunfilecheck.sty
Package: rerunfilecheck 2022-07-10 v1.10 Rerun checks for auxiliary files (HO)

(/usr/share/texlive/texmf-dist/tex/generic/uniquecounter/uniquecounter.sty
Package: uniquecounter 2019/12/15 v1.4 Provide unlimited unique counter (HO)
)
Package uniquecounter Info: New unique counter `rerunfilecheck' on input line 2
85.
)
\Hy@SectionHShift=\skip58
)
(/usr/share/texlive/texmf-dist/tex/latex/l3backend/l3backend-pdftex.def
File: l3backend-pdftex.def 2024-01-04 L3 backend support: PDF output (pdfTeX)
\l__color_backend_stack_int=\count307
\l__pdf_internal_box=\box59
)
(./main.aux)
\openout1 = `main.aux'.

LaTeX Font Info:    Checking defaults for OML/cmm/m/it on input line 65.
LaTeX Font Info:    ... okay on input line 65.
LaTeX Font Info:    Checking defaults for OMS/cmsy/m/n on input line 65.
LaTeX Font Info:    ... okay on input line 65.
LaTeX Font Info:    Checking defaults for OT1/cmr/m/n on input line 65.
LaTeX Font Info:    ... okay on input line 65.
LaTeX Font Info:    Checking defaults for T1/cmr/m/n on input line 65.
LaTeX Font Info:    ... okay on input line 65.
LaTeX Font Info:    Checking defaults for TS1/cmr/m/n on input line 65.
LaTeX Font Info:    ... okay on input line 65.
LaTeX Font Info:    Checking defaults for OMX/cmex/m/n on input line 65.
LaTeX Font Info:    ... okay on input line 65.
LaTeX Font Info:    Checking defaults for U/cmr/m/n on input line 65.
LaTeX Font Info:    ... okay on input line 65.
LaTeX Font Info:    Checking defaults for PD1/pdf/m/n on input line 65.
LaTeX Font Info:    ... okay on input line 65.
LaTeX Font Info:    Checking defaults for PU/pdf/m/n on input line 65.
LaTeX Font Info:    ... okay on input line 65.

-- Lines per column: 56 (exact).
(/usr/share/texlive/texmf-dist/tex/context/base/mkii/supp-pdf.mkii
[Loading MPS to PDF converter (version 2006.09.02).]
\scratchcounter=\count308
\scratchdimen=\dimen261
\scratchbox=\box60
\nofMPsegments=\count309
\nofMParguments=\count310
\everyMPshowfont=\toks30
\MPscratchCnt=\count311
\MPscratchDim=\dimen262
\MPnumerator=\count312
\makeMPintoPDFobject=\count313
\everyMPtoPDFconversion=\toks31
) (/usr/share/texlive/texmf-dist/tex/latex/epstopdf-pkg/epstopdf-base.sty
Package: epstopdf-base 2020-01-24 v2.11 Base part for package epstopdf
Package epstopdf-base Info: Redefining graphics rule for `.eps' on input line 4
85.

(/usr/share/texlive/texmf-dist/tex/latex/latexconfig/epstopdf-sys.cfg
File: epstopdf-sys.cfg 2010/07/13 v1.3 Configuration of (r)epstopdf for TeX Liv
e
))
\c@lstlisting=\count314
Package hyperref Info: Link coloring OFF on input line 65.

(./main.out) (./main.out)
\@outlinefile=\write3
\openout3 = `main.out'.

LaTeX Font Info:    Trying to load font information for T1+pcr on input line 10
1.

(/usr/share/texlive/texmf-dist/tex/latex/psnfss/t1pcr.fd
File: t1pcr.fd 2001/06/04 font definitions for T1/pcr.
)
LaTeX Font Info:    Trying to load font information for U+msa on input line 109
.

(/usr/share/texlive/texmf-dist/tex/latex/amsfonts/umsa.fd
File: umsa.fd 2013/01/14 v3.01 AMS symbols A
)
LaTeX Font Info:    Trying to load font information for U+msb on input line 109
.

(/usr/share/texlive/texmf-dist/tex/latex/amsfonts/umsb.fd
File: umsb.fd 2013/01/14 v3.01 AMS symbols B
)
Underfull \hbox (badness 10000) in paragraph at lines 139--149
[]\T1/ptm/m/n/10 Immune-mediated dis-eases are in-her-ently multi-
 []


Underfull \hbox (badness 10000) in paragraph at lines 139--149
\T1/ptm/m/n/10 compartmental phe-nom-ena. In-fluenza in-fec-tion un-folds
 []


Underfull \hbox (badness 3884) in paragraph at lines 139--149
\T1/ptm/m/n/10 across scales: within a sin-gle tis-sue, vi-ral repli-ca-tion
 []


Underfull \hbox (badness 4556) in paragraph at lines 139--149
\T1/ptm/m/n/10 The lit-er-a-ture has con-se-quently pro-duced a col-lec-tion
 []


Underfull \hbox (badness 1917) in paragraph at lines 139--149
\T1/ptm/m/n/10 of high-quality compartment-specific mod-els that can-not
 []


Underfull \vbox (badness 10000) has occurred while \output is active []

 [1{/var/lib/texmf/fonts/map/pdftex/updmap/pdftex.map}{/usr/share/texlive/texmf
-dist/fonts/enc/dvips/base/8r.enc}


]
Underfull \hbox (badness 2653) in paragraph at lines 184--188
[]\T1/ptm/b/n/10 A declar-a-tive con-fig-u-ra-tion graph \T1/ptm/m/n/10 with su
p-port
 []

[2]
Underfull \hbox (badness 3009) in paragraph at lines 370--390
\T1/pcr/m/n/10 event_type \T1/ptm/m/n/10 vo-cab-u-lary, with \T1/pcr/m/n/10 n_r
ealisations \T1/ptm/m/n/10 for
 []

LaTeX Font Info:    Font shape `T1/pcr/m/it' in size <10> not available
(Font)              Font shape `T1/pcr/m/sl' tried instead on input line 419.
[3]
Underfull \hbox (badness 5189) in paragraph at lines 423--430
[]\T1/ptm/m/n/10 The ABM adapter emits the same ISSL en-ve-lope
 []


Underfull \hbox (badness 1584) in paragraph at lines 423--430
\T1/ptm/m/n/10 with \T1/pcr/m/n/10 formalism\T1/ptm/m/n/10 =\T1/pcr/m/n/10 "ABM
"\T1/ptm/m/n/10 , \T1/pcr/m/n/10 model_version \T1/ptm/m/n/10 pinned to
 []


Underfull \hbox (badness 10000) in paragraph at lines 423--430
\T1/pcr/m/n/10 covid-tissue-models@5b7e42c+OISA_bridge\T1/ptm/m/n/10 ,
 []


Underfull \hbox (badness 10000) in paragraph at lines 423--430
\T1/ptm/m/n/10 a \T1/pcr/m/n/10 grid \T1/ptm/m/n/10 field (\T1/pcr/m/n/10 "90x9
0x2"\T1/ptm/m/n/10 ), and ex-port sig-
 []


Underfull \hbox (badness 10000) in paragraph at lines 423--430
\T1/ptm/m/n/10 nals \T1/pcr/m/n/10 sego2020.immune_cell_count \T1/ptm/m/n/10 an
d
 []


Underfull \hbox (badness 8189) in paragraph at lines 423--430
\T1/pcr/m/n/10 .recruitment_cytokine \T1/ptm/m/n/10 (ex-am-ple day-1: 7 cells
 []


Underfull \hbox (badness 10000) in paragraph at lines 441--457
[]\T1/ptm/m/n/10 The con-fig-u-ra-tion graph is a YAML or JSON-
 []


Underfull \hbox (badness 5504) in paragraph at lines 441--457
\T1/ptm/m/n/10 LD file that fully spec-i-fies the com-po-si-tion --- the
 []


Underfull \hbox (badness 10000) in paragraph at lines 441--457
\T1/ptm/m/n/10 or-ches-tra-tor's sole in-put at ini-tial-i-sa-tion; no model
 []


Underfull \hbox (badness 6412) in paragraph at lines 441--457
\T1/ptm/m/n/10 needs to know about any other model. It de-clares
 []


Underfull \hbox (badness 3965) in paragraph at lines 441--457
\T1/ptm/m/n/10 six el-e-ments: \T1/pcr/m/n/10 models[] \T1/ptm/m/n/10 ({id, for
-mal-ism: ODE$\OMS/cmsy/m/n/10 j$\T1/ptm/m/n/10 ABM,
 []


Underfull \hbox (badness 10000) in paragraph at lines 441--457
\T1/ptm/m/n/10 sig-nal_id, tar-get_model, lag: \T1/pcr/m/n/10 "constant:N" $\OM
S/cmsy/m/n/10 j$
 []


Underfull \hbox (badness 10000) in paragraph at lines 441--457
\T1/pcr/m/n/10 "model:ID"\T1/ptm/m/n/10 }), \T1/pcr/m/n/10 transfer_models[] \T
1/ptm/m/n/10 ({id,
 []


Underfull \hbox (badness 10000) in paragraph at lines 441--457
\T1/ptm/m/n/10 for-mal-ism, ex-e-cutable, in-put_signal, out-put_signal,
 []


Underfull \hbox (badness 10000) in paragraph at lines 441--457
\T1/ptm/m/n/10 lag_output_field}), \T1/pcr/m/n/10 global_clock \T1/ptm/m/n/10 (
{start_s, end_s,
 []


Underfull \hbox (badness 6477) in paragraph at lines 441--457
\T1/ptm/m/n/10 pa-tient_id, re-cal-i-bra-tion_trigger, biomarker_map[]}), and
 []


Underfull \hbox (badness 10000) in paragraph at lines 441--457
\T1/pcr/m/n/10 wildcard_namespace \T1/ptm/m/n/10 ({pre-fix, reg-istry_uri: null
},
 []

<../figures/oisa_workflow.pdf, id=217, 894.60382pt x 753.77612pt>
File: ../figures/oisa_workflow.pdf Graphic file (type pdf)
<use ../figures/oisa_workflow.pdf>
Package pdftex.def Info: ../figures/oisa_workflow.pdf  used on input line 460.
(pdftex.def)             Requested size: 252.0pt x 212.32106pt.
LaTeX Font Info:    Font shape `T1/pcr/m/it' in size <7> not available
(Font)              Font shape `T1/pcr/m/sl' tried instead on input line 479.

Underfull \hbox (badness 1874) in paragraph at lines 502--518
\T1/ptm/m/n/10 in-ges-tion (JSON-LD + SI units + Ma-ha-lanobis OOD);
 []

[4 <../figures/oisa_workflow.pdf>]
Underfull \hbox (badness 10000) in paragraph at lines 569--587
\T1/pcr/m/n/10 ViralReplication\T1/ptm/m/n/10 , \T1/pcr/m/n/10 ViralInternaliza
tion\T1/ptm/m/n/10 ,
 []


Underfull \hbox (badness 10000) in paragraph at lines 569--587
\T1/pcr/m/n/10 ViralSecretion\T1/ptm/m/n/10 , \T1/pcr/m/n/10 ImmuneCellKilling\
T1/ptm/m/n/10 ,
 []


Underfull \hbox (badness 10000) in paragraph at lines 569--587
\T1/pcr/m/n/10 Chemotaxis\T1/ptm/m/n/10 , \T1/pcr/m/n/10 ImmuneCellSeeding\T1/p
tm/m/n/10 ,
 []


Underfull \hbox (badness 10000) in paragraph at lines 569--587
\T1/pcr/m/n/10 SimData\T1/ptm/m/n/10 , \T1/pcr/m/n/10 CytokineProductionAbsorpt
ion\T1/ptm/m/n/10 ,
 []


Underfull \hbox (badness 10000) in paragraph at lines 569--587
\T1/pcr/m/n/10 ImmuneRecruitment\T1/ptm/m/n/10 , \T1/pcr/m/n/10 oxidationAgentM
odel\T1/ptm/m/n/10 ,
 []


Underfull \hbox (badness 1460) in paragraph at lines 569--587
\T1/pcr/m/n/10 VirusFieldInitializer \T1/ptm/m/n/10 (all with the \T1/pcr/m/n/1
0 Steppable
 []


Underfull \hbox (badness 10000) in paragraph at lines 588--598
[]\T1/ptm/m/n/10 The sin-gle ad-di-tion to the CC3D setup is
 []


Underfull \hbox (badness 10000) in paragraph at lines 588--598
\T1/pcr/m/n/10 OISABridgeSteppable \T1/ptm/m/n/10 (fre-quency = 72MCS),
 []


Underfull \hbox (badness 2426) in paragraph at lines 588--598
\T1/ptm/m/n/10 which runs in-side the CC3D pro-cess but con-tains no
 []


Underfull \hbox (badness 1622) in paragraph at lines 588--598
\T1/ptm/m/n/10 count Im-mune-cell agents (type 5), writes the count to
 []


Underfull \hbox (badness 1371) in paragraph at lines 588--598
\T1/ptm/m/n/10 blocks un-til the sen-tinel is deleted. The adapter writes
 []


Underfull \hbox (badness 5741) in paragraph at lines 588--598
\T1/ptm/m/n/10 in-com-ing ODE sig-nals to \T1/pcr/m/n/10 ode_signal.json \T1/pt
m/m/n/10 (non-
 []


Underfull \hbox (badness 1484) in paragraph at lines 605--629
\T1/ptm/m/n/10 en-sem-ble of $\OML/cmm/m/it/10 N  \OT1/cmr/m/n/10 =  5$ \T1/ptm
/m/n/10 par-al-lel CC3D in-stances (dis-tinct
 []


Underfull \hbox (badness 10000) in paragraph at lines 642--646
[]\T1/ptm/b/n/10 Signals. \T1/ptm/m/n/10 Two ISSL sig-nals are routed:
 []


Underfull \hbox (badness 10000) in paragraph at lines 642--646
\T1/ptm/m/n/10 and \T1/pcr/m/n/10 sego2020.immune_cell_count \T1/ptm/m/n/10 (\T
1/pcr/m/n/10 n_immune\T1/ptm/m/n/10 ,
 []


Underfull \hbox (badness 10000) in paragraph at lines 647--654
\T1/ptm/m/it/10 re-cruit-ment in-ter-face\T1/ptm/m/n/10 : the Miao 2010 ODE gov
-erns
 []


Underfull \hbox (badness 5475) in paragraph at lines 647--654
\T1/ptm/m/n/10 sys-temic vi-ral ki-net-ics; the Sego 2020 CC3D ABM
 []


Underfull \hbox (badness 1803) in paragraph at lines 647--654
\T1/ptm/m/n/10 gov-erns spa-tial im-mune cell dy-nam-ics. The ODE vi-ral
 []


Underfull \hbox (badness 10000) in paragraph at lines 647--654
\T1/ptm/m/n/10 (\T1/pcr/m/n/10 ImmuneRecruitmentSteppable.totalCytokine\T1/ptm/
m/n/10 )
 []

[5]
Underfull \hbox (badness 10000) in paragraph at lines 656--681
[]\T1/ptm/b/n/10 Derivation of cou-pling con-stant
 []


Underfull \hbox (badness 10000) in paragraph at lines 656--681
\OML/cmm/m/it/10 ^^T \OT1/cmr/m/n/10 = 3\OML/cmm/m/it/10 :\OT1/cmr/m/n/10 5[]10
[]$\T1/ptm/b/n/10 AU$\OMS/cmsy/m/n/10 ^^A$\T1/ptm/b/n/10 mL/copies. \T1/ptm/m/n
/10 The
 []


Underfull \hbox (badness 2894) in paragraph at lines 656--681
\T1/ptm/m/n/10 infected-cell se-cre-tion at rate $[] \OT1/cmr/m/n/10 =
 []


Underfull \hbox (badness 10000) in paragraph at lines 656--681
\OT1/cmr/m/n/10 10  \OMS/cmsy/m/n/10 ^^B  [] \OT1/cmr/m/n/10 = 3\OML/cmm/m/it/1
0 :\OT1/cmr/m/n/10 5[]10[]$\T1/ptm/m/n/10 pM/s
 []


Underfull \hbox (badness 10000) in paragraph at lines 656--681
\T1/ptm/m/n/10 The per-step cy-tokine in-cre-ment con-tributed by the
 []


Underfull \hbox (badness 5637) in paragraph at lines 656--681
\T1/ptm/m/n/10 ODE vi-ral load $\OML/cmm/m/it/10 V$ \T1/ptm/m/n/10 is there-for
e $\OT1/cmr/m/n/10 ^^A[] \OMS/cmsy/m/n/10 ^^Y
 []


Underfull \hbox (badness 1552) in paragraph at lines 656--681
\OT1/cmr/m/n/10 3\OML/cmm/m/it/10 :\OT1/cmr/m/n/10 5[]10[]$ \T1/ptm/m/n/10 (ap-
plied per 6h GSimT tick; four ticks per
 []


Underfull \hbox (badness 4660) in paragraph at lines 656--681
\T1/ptm/m/n/10 ABM day) re-cov-ers an equiv-a-lent daily ac-cu-mu-la-tion
 []


Underfull \hbox (badness 10000) in paragraph at lines 682--695
[]\T1/ptm/m/n/10 The \T1/pcr/m/n/10 sego2020.immune_cell_count \T1/ptm/m/n/10 s
ig-nal sets
 []


Underfull \hbox (badness 1546) in paragraph at lines 682--695
\T1/ptm/m/n/10 peak CTL den-si-ties of $\OT1/cmr/m/n/10 10[]$\T1/ptm/m/n/10 --$
\OT1/cmr/m/n/10 10[]$\T1/ptm/m/n/10 CTL/mL given a tis-sue
 []


Underfull \hbox (badness 4378) in paragraph at lines 682--695
\T1/ptm/m/n/10 com-part-ment vol-ume of $\OMS/cmsy/m/n/10 ^^Y \OT1/cmr/m/n/10 0
\OML/cmm/m/it/10 :\OT1/cmr/m/n/10 01$\T1/ptm/m/n/10 mL. Note that $\OML/cmm/m/i
t/10 T[]$
 []


Underfull \hbox (badness 2376) in paragraph at lines 682--695
\T1/ptm/m/n/10 rep-re-sents adap-tive cy-to-toxic T lym-pho-cytes, while the
 []


Underfull \hbox (badness 1831) in paragraph at lines 696--701
[]\T1/ptm/b/n/10 GSimT con-fig-u-ra-tion. \T1/ptm/m/n/10 GCD(6h, 24h) $\OT1/cmr
/m/n/10 =$ \T1/ptm/m/n/10 6h $\OMS/cmsy/m/n/10 )$ \T1/ptm/m/n/10 56
 []


Underfull \hbox (badness 2065) in paragraph at lines 696--701
\T1/ptm/m/n/10 check-points over 14 days. ABM steps at 24h bound-
 []


Underfull \hbox (badness 3590) in paragraph at lines 696--701
\T1/ptm/m/n/10 aries; ODE steps at ev-ery 6h tick. Causal or-der at
 []


Underfull \hbox (badness 1874) in paragraph at lines 696--701
\T1/ptm/m/n/10 each 24h bound-ary: \T1/pcr/m/n/10 ABM.emit() $\OMS/cmsy/m/n/10 
!$ \T1/pcr/m/n/10 ODE.accept()
 []

[6]
<../figures/oisa_trajectory.pdf, id=505, 506.0876pt x 382.82271pt>
File: ../figures/oisa_trajectory.pdf Graphic file (type pdf)
<use ../figures/oisa_trajectory.pdf>
Package pdftex.def Info: ../figures/oisa_trajectory.pdf  used on input line 807
.
(pdftex.def)             Requested size: 252.0pt x 190.62228pt.

Underfull \hbox (badness 4792) in paragraph at lines 846--862
\T1/ptm/m/n/10 --- hold-ing the ABM en-sem-ble fixed via a qual-i-ta-
 []


Underfull \hbox (badness 3612) in paragraph at lines 846--862
\T1/ptm/m/n/10 tive onset-shift proxy rather than re-simulating $\OML/cmm/m/it/
10 N  \OT1/cmr/m/n/10 =
 []


Underfull \hbox (badness 7595) in paragraph at lines 846--862
\OT1/cmr/m/n/10 5$ \T1/ptm/m/n/10 per cell --- is re-ported in the com-pan-ion 
data
 []


Underfull \hbox (badness 1515) in paragraph at lines 868--891
\T1/ptm/m/n/10 (peer-review sta-tus pend-ing at time of sub-mis-sion); we
 []


Underfull \hbox (badness 10000) in paragraph at lines 868--891
\T1/ptm/m/it/10 prove-nance \T1/ptm/m/n/10 via ISSL \T1/pcr/m/n/10 envelope.mod
el_version
 []


Underfull \hbox (badness 10000) in paragraph at lines 868--891
\T1/ptm/m/n/10 (\T1/pcr/m/n/10 BIOMD0000000546 \T1/ptm/m/n/10 / commit-SHA + br
idge tag
 []


Underfull \hbox (badness 10000) in paragraph at lines 868--891
\T1/ptm/m/n/10 for the ABM); \T1/ptm/m/it/10 un-der-stand-abil-ity \T1/ptm/m/n/
10 via \T1/pcr/m/n/10 envelope \T1/ptm/m/n/10 +
 []


Underfull \hbox (badness 10000) in paragraph at lines 868--891
\T1/pcr/m/n/10 continuous_state \T1/ptm/m/n/10 + \T1/pcr/m/n/10 export_signals 
\T1/ptm/m/n/10 per
 []


Underfull \hbox (badness 7379) in paragraph at lines 868--891
\T1/ptm/m/n/10 check-point; \T1/ptm/m/it/10 re-pro-ducibil-ity \T1/ptm/m/n/10 v
ia JSON-LD schema and
 []


Underfull \hbox (badness 4144) in paragraph at lines 868--891
\T1/ptm/m/n/10 commit-SHA \T1/pcr/m/n/10 model_version\T1/ptm/m/n/10 ; \T1/ptm/
m/it/10 ex-ten-si-bil-ity \T1/ptm/m/n/10 via edge-
 []


Underfull \hbox (badness 2229) in paragraph at lines 868--891
\T1/ptm/m/n/10 tick. Three points de-serve em-pha-sis: OISA im-ple-ments
 []


Underfull \hbox (badness 10000) in paragraph at lines 868--891
\T1/ptm/m/n/10 ex-plicit \T1/pcr/m/n/10 _N_IMMUNE_TO_CTL_PER_ML = 100 \T1/ptm/m
/n/10 makes
 []

[7 <../figures/oisa_trajectory.pdf>]
Underfull \hbox (badness 10000) in paragraph at lines 939--948
[]\T1/ptm/m/n/10 OISA spec-i-fi-ca-tions, ISSL JSON Schema
 []


Underfull \hbox (badness 10000) in paragraph at lines 939--948
\T1/ptm/m/n/10 (\T1/pcr/m/n/10 schemas/issl_v1.schema.json\T1/ptm/m/n/10 , Draf
t 2020-12),
 []

(./main.bbl
Underfull \hbox (badness 2142) in paragraph at lines 90--96
[]\T1/ptm/m/n/8 F. T. Bergmann, R. Adams, S. Moodie, J. Cooper, M. Glont,
 []


Underfull \hbox (badness 2486) in paragraph at lines 103--106
[]\T1/ptm/m/n/8 R. Lauben-bacher, A. Niarakis, T. He-likar, G. An, B. Mehrad,
 []

)

** Conference Paper **
Before submitting the final camera ready copy, remember to:

 1. Manually equalize the lengths of two columns on the last page
 of your paper;

 2. Ensure that any PostScript and/or PDF output post-processing
 uses only Type 1 fonts and that every step in the generation
 process uses the appropriate paper size.

[8] (./main.aux)
 ***********
LaTeX2e <2023-11-01> patch level 1
L3 programming layer <2024-01-22>
 ***********
Package rerunfilecheck Info: File `main.out' has not changed.
(rerunfilecheck)             Checksum: 489350F0FBD67E27B791DF40A51537C9;4388.
 ) 
Here is how much of TeX's memory you used:
 13480 strings out of 476182
 203351 string characters out of 5795595
 2115975 words of memory out of 5000000
 35176 multiletter control sequences out of 15000+600000
 684264 words of font info for 174 fonts, out of 8000000 for 9000
 14 hyphenation exceptions out of 8191
 75i,13n,79p,979b,1602s stack positions out of 10000i,1000n,20000p,200000b,200000s
</usr/share/texlive/texmf-dist/fonts/type1/public/amsfonts/cm/cmex10.pfb></us
r/share/texlive/texmf-dist/fonts/type1/public/amsfonts/cm/cmmi10.pfb></usr/shar
e/texlive/texmf-dist/fonts/type1/public/amsfonts/cm/cmmi5.pfb></usr/share/texli
ve/texmf-dist/fonts/type1/public/amsfonts/cm/cmmi7.pfb></usr/share/texlive/texm
f-dist/fonts/type1/public/amsfonts/cm/cmmi8.pfb></usr/share/texlive/texmf-dist/
fonts/type1/public/amsfonts/cm/cmmi9.pfb></usr/share/texlive/texmf-dist/fonts/t
ype1/public/amsfonts/cm/cmr10.pfb></usr/share/texlive/texmf-dist/fonts/type1/pu
blic/amsfonts/cm/cmr6.pfb></usr/share/texlive/texmf-dist/fonts/type1/public/ams
fonts/cm/cmr7.pfb></usr/share/texlive/texmf-dist/fonts/type1/public/amsfonts/cm
/cmr8.pfb></usr/share/texlive/texmf-dist/fonts/type1/public/amsfonts/cm/cmr9.pf
b></usr/share/texlive/texmf-dist/fonts/type1/public/amsfonts/cm/cmsy10.pfb></us
r/share/texlive/texmf-dist/fonts/type1/public/amsfonts/cm/cmsy7.pfb></usr/share
/texlive/texmf-dist/fonts/type1/public/amsfonts/cm/cmsy8.pfb></usr/share/texliv
e/texmf-dist/fonts/type1/public/amsfonts/cm/cmsy9.pfb></usr/share/texlive/texmf
-dist/fonts/type1/public/amsfonts/symbols/msam10.pfb></usr/share/texlive/texmf-
dist/fonts/type1/urw/courier/ucrb8a.pfb></usr/share/texlive/texmf-dist/fonts/ty
pe1/urw/courier/ucrr8a.pfb></usr/share/texlive/texmf-dist/fonts/type1/urw/couri
er/ucrro8a.pfb></usr/share/texlive/texmf-dist/fonts/type1/urw/times/utmb8a.pfb>
</usr/share/texlive/texmf-dist/fonts/type1/urw/times/utmbi8a.pfb></usr/share/te
xlive/texmf-dist/fonts/type1/urw/times/utmr8a.pfb></usr/share/texlive/texmf-dis
t/fonts/type1/urw/times/utmri8a.pfb>
Output written on main.pdf (8 pages, 410951 bytes).
PDF statistics:
 706 PDF objects out of 1000 (max. 8388607)
 371 compressed objects within 4 object streams
 114 named destinations out of 1000 (max. 500000)
 211 words of extra memory for PDF output out of 10000 (max. 10000000)

